Archive member included to satisfy reference by file (symbol)

c:/program files (x86)/atmel/studio/7.0/toolchain/avr8/avr8-gnu-toolchain/bin/../lib/gcc/avr/5.4.0/avr5\libgcc.a(_exit.o)
                              C:/Program Files (x86)/Atmel/Studio/7.0/Packs/atmel/ATmega_DFP/1.3.300/gcc/dev/atmega32/avr5/crtatmega32.o (exit)
c:/program files (x86)/atmel/studio/7.0/toolchain/avr8/avr8-gnu-toolchain/bin/../lib/gcc/avr/5.4.0/avr5\libgcc.a(_copy_data.o)
                              APP/APP.o (__do_copy_data)
c:/program files (x86)/atmel/studio/7.0/toolchain/avr8/avr8-gnu-toolchain/bin/../lib/gcc/avr/5.4.0/avr5\libgcc.a(_clear_bss.o)
                              APP/APP.o (__do_clear_bss)

Allocating common symbols
Common symbol       size              file

flush_buffer        0x1               MCAL/SPI/spi.o
U8_Transmit_UDR     0x1               MCAL/UART/uart.o
Master_Configure_t  0x3               ECUAL/EEPROM/EEPROM.o
TransSPDR_Value     0x1               APP/APP.o
flusher             0x1               APP/APP.o
ReceiveSPDR_Value   0x1               APP/APP.o
pCallBack           0x2               MCAL/SPI/spi.o
U8_Receive_UDR      0x2               MCAL/UART/uart.o
aStringBuffer       0xff              APP/APP.o
aDataBuffer         0x1c              APP/APP.o

Discarded input sections

 .data          0x00000000        0x0 C:/Program Files (x86)/Atmel/Studio/7.0/Packs/atmel/ATmega_DFP/1.3.300/gcc/dev/atmega32/avr5/crtatmega32.o
 .bss           0x00000000        0x0 C:/Program Files (x86)/Atmel/Studio/7.0/Packs/atmel/ATmega_DFP/1.3.300/gcc/dev/atmega32/avr5/crtatmega32.o
 .text          0x00000000        0x0 APP/APP.o
 .data          0x00000000        0x0 APP/APP.o
 .bss           0x00000000        0x0 APP/APP.o
 .text.APP_ConvertStringToNumericString
                0x00000000       0x20 APP/APP.o
 .bss.gu8_SPIcounter
                0x00000000        0x1 APP/APP.o
 .text          0x00000000        0x0 ECUAL/EEPROM/EEPROM.o
 .data          0x00000000        0x0 ECUAL/EEPROM/EEPROM.o
 .bss           0x00000000        0x0 ECUAL/EEPROM/EEPROM.o
 .text          0x00000000        0x0 main.o
 .data          0x00000000        0x0 main.o
 .bss           0x00000000        0x0 main.o
 .text          0x00000000        0x0 MCAL/I2C/i2c.o
 .data          0x00000000        0x0 MCAL/I2C/i2c.o
 .bss           0x00000000        0x0 MCAL/I2C/i2c.o
 .text.MCAL_I2CSlaveInit
                0x00000000        0xa MCAL/I2C/i2c.o
 .text.MCAL_I2CMasterReadsendACK
                0x00000000       0x26 MCAL/I2C/i2c.o
 .text.MCAL_I2CSlaveListen
                0x00000000       0x38 MCAL/I2C/i2c.o
 .text.MCAL_I2CSlaveTransmit
                0x00000000       0x42 MCAL/I2C/i2c.o
 .text.MCAL_I2CSlaveReceive
                0x00000000       0x38 MCAL/I2C/i2c.o
 .text          0x00000000        0x0 MCAL/SPI/spi.o
 .data          0x00000000        0x0 MCAL/SPI/spi.o
 .bss           0x00000000        0x0 MCAL/SPI/spi.o
 .text.MCAL_SPIMasterTXRX
                0x00000000       0x26 MCAL/SPI/spi.o
 .text.MCAL_SPISlaveTXRX
                0x00000000       0x12 MCAL/SPI/spi.o
 .text.MCAL_SPIMasterTrans_String
                0x00000000       0x66 MCAL/SPI/spi.o
 .text.MCAL_SPIMasterReceive_String
                0x00000000       0x68 MCAL/SPI/spi.o
 .text.MCAL_SPISlaveTrans_String
                0x00000000       0x6a MCAL/SPI/spi.o
 .text.MCAL_SPISlaveReceive_String
                0x00000000       0x56 MCAL/SPI/spi.o
 .text.MCAL_SPI_EnableInterrupts
                0x00000000        0xa MCAL/SPI/spi.o
 .text.MCAL_SPI_DisableInterrupt
                0x00000000        0x4 MCAL/SPI/spi.o
 .text.MCAL_SPISlaveINTDriven
                0x00000000       0x1a MCAL/SPI/spi.o
 .text.MCAL_SPIMasterReceive
                0x00000000       0x12 MCAL/SPI/spi.o
 .text          0x00000000        0x0 MCAL/UART/uart.o
 .data          0x00000000        0x0 MCAL/UART/uart.o
 .bss           0x00000000        0x0 MCAL/UART/uart.o
 .text.USART_Transmit_Packet
                0x00000000       0x34 MCAL/UART/uart.o
 .text.USART_receive_Packet
                0x00000000       0x34 MCAL/UART/uart.o
 .text.USART_RxInterruptEnable
                0x00000000        0x6 MCAL/UART/uart.o
 .text.USART_Receive_INTDriven
                0x00000000       0x20 MCAL/UART/uart.o
 .text.USART_RxInterruptDiable
                0x00000000        0x6 MCAL/UART/uart.o
 .text.USART_TxInterruptEnable
                0x00000000        0x6 MCAL/UART/uart.o
 .text.USART_TxInterruptDisable
                0x00000000        0x6 MCAL/UART/uart.o
 .text.USART_UDRInterruptEnable
                0x00000000        0x6 MCAL/UART/uart.o
 .text.USART_Transmit_INTDriven
                0x00000000       0x20 MCAL/UART/uart.o
 .text.USART_TX_Enable
                0x00000000        0x6 MCAL/UART/uart.o
 .text.USART_TX_Disable
                0x00000000        0x6 MCAL/UART/uart.o
 .text.USART_RX_Enable
                0x00000000        0x6 MCAL/UART/uart.o
 .text.USART_RX_Disable
                0x00000000        0x6 MCAL/UART/uart.o
 .text          0x00000000        0x0 c:/program files (x86)/atmel/studio/7.0/toolchain/avr8/avr8-gnu-toolchain/bin/../lib/gcc/avr/5.4.0/avr5\libgcc.a(_exit.o)
 .data          0x00000000        0x0 c:/program files (x86)/atmel/studio/7.0/toolchain/avr8/avr8-gnu-toolchain/bin/../lib/gcc/avr/5.4.0/avr5\libgcc.a(_exit.o)
 .bss           0x00000000        0x0 c:/program files (x86)/atmel/studio/7.0/toolchain/avr8/avr8-gnu-toolchain/bin/../lib/gcc/avr/5.4.0/avr5\libgcc.a(_exit.o)
 .text.libgcc.mul
                0x00000000        0x0 c:/program files (x86)/atmel/studio/7.0/toolchain/avr8/avr8-gnu-toolchain/bin/../lib/gcc/avr/5.4.0/avr5\libgcc.a(_exit.o)
 .text.libgcc.div
                0x00000000        0x0 c:/program files (x86)/atmel/studio/7.0/toolchain/avr8/avr8-gnu-toolchain/bin/../lib/gcc/avr/5.4.0/avr5\libgcc.a(_exit.o)
 .text.libgcc   0x00000000        0x0 c:/program files (x86)/atmel/studio/7.0/toolchain/avr8/avr8-gnu-toolchain/bin/../lib/gcc/avr/5.4.0/avr5\libgcc.a(_exit.o)
 .text.libgcc.prologue
                0x00000000        0x0 c:/program files (x86)/atmel/studio/7.0/toolchain/avr8/avr8-gnu-toolchain/bin/../lib/gcc/avr/5.4.0/avr5\libgcc.a(_exit.o)
 .text.libgcc.builtins
                0x00000000        0x0 c:/program files (x86)/atmel/studio/7.0/toolchain/avr8/avr8-gnu-toolchain/bin/../lib/gcc/avr/5.4.0/avr5\libgcc.a(_exit.o)
 .text.libgcc.fmul
                0x00000000        0x0 c:/program files (x86)/atmel/studio/7.0/toolchain/avr8/avr8-gnu-toolchain/bin/../lib/gcc/avr/5.4.0/avr5\libgcc.a(_exit.o)
 .text.libgcc.fixed
                0x00000000        0x0 c:/program files (x86)/atmel/studio/7.0/toolchain/avr8/avr8-gnu-toolchain/bin/../lib/gcc/avr/5.4.0/avr5\libgcc.a(_exit.o)
 .text          0x00000000        0x0 c:/program files (x86)/atmel/studio/7.0/toolchain/avr8/avr8-gnu-toolchain/bin/../lib/gcc/avr/5.4.0/avr5\libgcc.a(_copy_data.o)
 .data          0x00000000        0x0 c:/program files (x86)/atmel/studio/7.0/toolchain/avr8/avr8-gnu-toolchain/bin/../lib/gcc/avr/5.4.0/avr5\libgcc.a(_copy_data.o)
 .bss           0x00000000        0x0 c:/program files (x86)/atmel/studio/7.0/toolchain/avr8/avr8-gnu-toolchain/bin/../lib/gcc/avr/5.4.0/avr5\libgcc.a(_copy_data.o)
 .text.libgcc.mul
                0x00000000        0x0 c:/program files (x86)/atmel/studio/7.0/toolchain/avr8/avr8-gnu-toolchain/bin/../lib/gcc/avr/5.4.0/avr5\libgcc.a(_copy_data.o)
 .text.libgcc.div
                0x00000000        0x0 c:/program files (x86)/atmel/studio/7.0/toolchain/avr8/avr8-gnu-toolchain/bin/../lib/gcc/avr/5.4.0/avr5\libgcc.a(_copy_data.o)
 .text.libgcc   0x00000000        0x0 c:/program files (x86)/atmel/studio/7.0/toolchain/avr8/avr8-gnu-toolchain/bin/../lib/gcc/avr/5.4.0/avr5\libgcc.a(_copy_data.o)
 .text.libgcc.prologue
                0x00000000        0x0 c:/program files (x86)/atmel/studio/7.0/toolchain/avr8/avr8-gnu-toolchain/bin/../lib/gcc/avr/5.4.0/avr5\libgcc.a(_copy_data.o)
 .text.libgcc.builtins
                0x00000000        0x0 c:/program files (x86)/atmel/studio/7.0/toolchain/avr8/avr8-gnu-toolchain/bin/../lib/gcc/avr/5.4.0/avr5\libgcc.a(_copy_data.o)
 .text.libgcc.fmul
                0x00000000        0x0 c:/program files (x86)/atmel/studio/7.0/toolchain/avr8/avr8-gnu-toolchain/bin/../lib/gcc/avr/5.4.0/avr5\libgcc.a(_copy_data.o)
 .text.libgcc.fixed
                0x00000000        0x0 c:/program files (x86)/atmel/studio/7.0/toolchain/avr8/avr8-gnu-toolchain/bin/../lib/gcc/avr/5.4.0/avr5\libgcc.a(_copy_data.o)
 .text          0x00000000        0x0 c:/program files (x86)/atmel/studio/7.0/toolchain/avr8/avr8-gnu-toolchain/bin/../lib/gcc/avr/5.4.0/avr5\libgcc.a(_clear_bss.o)
 .data          0x00000000        0x0 c:/program files (x86)/atmel/studio/7.0/toolchain/avr8/avr8-gnu-toolchain/bin/../lib/gcc/avr/5.4.0/avr5\libgcc.a(_clear_bss.o)
 .bss           0x00000000        0x0 c:/program files (x86)/atmel/studio/7.0/toolchain/avr8/avr8-gnu-toolchain/bin/../lib/gcc/avr/5.4.0/avr5\libgcc.a(_clear_bss.o)
 .text.libgcc.mul
                0x00000000        0x0 c:/program files (x86)/atmel/studio/7.0/toolchain/avr8/avr8-gnu-toolchain/bin/../lib/gcc/avr/5.4.0/avr5\libgcc.a(_clear_bss.o)
 .text.libgcc.div
                0x00000000        0x0 c:/program files (x86)/atmel/studio/7.0/toolchain/avr8/avr8-gnu-toolchain/bin/../lib/gcc/avr/5.4.0/avr5\libgcc.a(_clear_bss.o)
 .text.libgcc   0x00000000        0x0 c:/program files (x86)/atmel/studio/7.0/toolchain/avr8/avr8-gnu-toolchain/bin/../lib/gcc/avr/5.4.0/avr5\libgcc.a(_clear_bss.o)
 .text.libgcc.prologue
                0x00000000        0x0 c:/program files (x86)/atmel/studio/7.0/toolchain/avr8/avr8-gnu-toolchain/bin/../lib/gcc/avr/5.4.0/avr5\libgcc.a(_clear_bss.o)
 .text.libgcc.builtins
                0x00000000        0x0 c:/program files (x86)/atmel/studio/7.0/toolchain/avr8/avr8-gnu-toolchain/bin/../lib/gcc/avr/5.4.0/avr5\libgcc.a(_clear_bss.o)
 .text.libgcc.fmul
                0x00000000        0x0 c:/program files (x86)/atmel/studio/7.0/toolchain/avr8/avr8-gnu-toolchain/bin/../lib/gcc/avr/5.4.0/avr5\libgcc.a(_clear_bss.o)
 .text.libgcc.fixed
                0x00000000        0x0 c:/program files (x86)/atmel/studio/7.0/toolchain/avr8/avr8-gnu-toolchain/bin/../lib/gcc/avr/5.4.0/avr5\libgcc.a(_clear_bss.o)

Memory Configuration

Name             Origin             Length             Attributes
text             0x00000000         0x00020000         xr
data             0x00800060         0x0000ffa0         rw !x
eeprom           0x00810000         0x00010000         rw !x
fuse             0x00820000         0x00000002         rw !x
lock             0x00830000         0x00000400         rw !x
signature        0x00840000         0x00000400         rw !x
user_signatures  0x00850000         0x00000400         rw !x
*default*        0x00000000         0xffffffff

Linker script and memory map

LOAD C:/Program Files (x86)/Atmel/Studio/7.0/Packs/atmel/ATmega_DFP/1.3.300/gcc/dev/atmega32/avr5/crtatmega32.o
LOAD APP/APP.o
LOAD ECUAL/EEPROM/EEPROM.o
LOAD main.o
LOAD MCAL/I2C/i2c.o
LOAD MCAL/SPI/spi.o
LOAD MCAL/UART/uart.o
START GROUP
LOAD c:/program files (x86)/atmel/studio/7.0/toolchain/avr8/avr8-gnu-toolchain/bin/../lib/gcc/avr/5.4.0/../../../../avr/lib/avr5\libm.a
END GROUP
START GROUP
LOAD c:/program files (x86)/atmel/studio/7.0/toolchain/avr8/avr8-gnu-toolchain/bin/../lib/gcc/avr/5.4.0/avr5\libgcc.a
LOAD c:/program files (x86)/atmel/studio/7.0/toolchain/avr8/avr8-gnu-toolchain/bin/../lib/gcc/avr/5.4.0/../../../../avr/lib/avr5\libm.a
LOAD c:/program files (x86)/atmel/studio/7.0/toolchain/avr8/avr8-gnu-toolchain/bin/../lib/gcc/avr/5.4.0/../../../../avr/lib/avr5\libc.a
LOAD C:/Program Files (x86)/Atmel/Studio/7.0/Packs/atmel/ATmega_DFP/1.3.300/gcc/dev/atmega32/avr5\libatmega32.a
END GROUP
                0x00000000                __TEXT_REGION_ORIGIN__ = DEFINED (__TEXT_REGION_ORIGIN__)?__TEXT_REGION_ORIGIN__:0x0
                0x00800060                __DATA_REGION_ORIGIN__ = DEFINED (__DATA_REGION_ORIGIN__)?__DATA_REGION_ORIGIN__:0x800060
                0x00020000                __TEXT_REGION_LENGTH__ = DEFINED (__TEXT_REGION_LENGTH__)?__TEXT_REGION_LENGTH__:0x20000
                0x0000ffa0                __DATA_REGION_LENGTH__ = DEFINED (__DATA_REGION_LENGTH__)?__DATA_REGION_LENGTH__:0xffa0
                0x00010000                __EEPROM_REGION_LENGTH__ = DEFINED (__EEPROM_REGION_LENGTH__)?__EEPROM_REGION_LENGTH__:0x10000
                [0x00000002]                __FUSE_REGION_LENGTH__ = DEFINED (__FUSE_REGION_LENGTH__)?__FUSE_REGION_LENGTH__:0x400
                0x00000400                __LOCK_REGION_LENGTH__ = DEFINED (__LOCK_REGION_LENGTH__)?__LOCK_REGION_LENGTH__:0x400
                0x00000400                __SIGNATURE_REGION_LENGTH__ = DEFINED (__SIGNATURE_REGION_LENGTH__)?__SIGNATURE_REGION_LENGTH__:0x400
                0x00000400                __USER_SIGNATURE_REGION_LENGTH__ = DEFINED (__USER_SIGNATURE_REGION_LENGTH__)?__USER_SIGNATURE_REGION_LENGTH__:0x400

.hash
 *(.hash)

.dynsym
 *(.dynsym)

.dynstr
 *(.dynstr)

.gnu.version
 *(.gnu.version)

.gnu.version_d
 *(.gnu.version_d)

.gnu.version_r
 *(.gnu.version_r)

.rel.init
 *(.rel.init)

.rela.init
 *(.rela.init)

.rel.text
 *(.rel.text)
 *(.rel.text.*)
 *(.rel.gnu.linkonce.t*)

.rela.text
 *(.rela.text)
 *(.rela.text.*)
 *(.rela.gnu.linkonce.t*)

.rel.fini
 *(.rel.fini)

.rela.fini
 *(.rela.fini)

.rel.rodata
 *(.rel.rodata)
 *(.rel.rodata.*)
 *(.rel.gnu.linkonce.r*)

.rela.rodata
 *(.rela.rodata)
 *(.rela.rodata.*)
 *(.rela.gnu.linkonce.r*)

.rel.data
 *(.rel.data)
 *(.rel.data.*)
 *(.rel.gnu.linkonce.d*)

.rela.data
 *(.rela.data)
 *(.rela.data.*)
 *(.rela.gnu.linkonce.d*)

.rel.ctors
 *(.rel.ctors)

.rela.ctors
 *(.rela.ctors)

.rel.dtors
 *(.rel.dtors)

.rela.dtors
 *(.rela.dtors)

.rel.got
 *(.rel.got)

.rela.got
 *(.rela.got)

.rel.bss
 *(.rel.bss)

.rela.bss
 *(.rela.bss)

.rel.plt
 *(.rel.plt)

.rela.plt
 *(.rela.plt)

.text           0x00000000      0x86a
 *(.vectors)
 .vectors       0x00000000       0x54 C:/Program Files (x86)/Atmel/Studio/7.0/Packs/atmel/ATmega_DFP/1.3.300/gcc/dev/atmega32/avr5/crtatmega32.o
                0x00000000                __vector_default
                0x00000000                __vectors
 *(.vectors)
 *(.progmem.gcc*)
                0x00000054                . = ALIGN (0x2)
                0x00000054                __trampolines_start = .
 *(.trampolines)
 .trampolines   0x00000054        0x0 linker stubs
 *(.trampolines*)
                0x00000054                __trampolines_end = .
 *libprintf_flt.a:*(.progmem.data)
 *libc.a:*(.progmem.data)
 *(.progmem*)
                0x00000054                . = ALIGN (0x2)
 *(.jumptables)
 *(.jumptables*)
 *(.lowtext)
 *(.lowtext*)
                0x00000054                __ctors_start = .
 *(.ctors)
                0x00000054                __ctors_end = .
                0x00000054                __dtors_start = .
 *(.dtors)
                0x00000054                __dtors_end = .
 SORT(*)(.ctors)
 SORT(*)(.dtors)
 *(.init0)
 .init0         0x00000054        0x0 C:/Program Files (x86)/Atmel/Studio/7.0/Packs/atmel/ATmega_DFP/1.3.300/gcc/dev/atmega32/avr5/crtatmega32.o
                0x00000054                __init
 *(.init0)
 *(.init1)
 *(.init1)
 *(.init2)
 .init2         0x00000054        0xc C:/Program Files (x86)/Atmel/Studio/7.0/Packs/atmel/ATmega_DFP/1.3.300/gcc/dev/atmega32/avr5/crtatmega32.o
 *(.init2)
 *(.init3)
 *(.init3)
 *(.init4)
 .init4         0x00000060       0x16 c:/program files (x86)/atmel/studio/7.0/toolchain/avr8/avr8-gnu-toolchain/bin/../lib/gcc/avr/5.4.0/avr5\libgcc.a(_copy_data.o)
                0x00000060                __do_copy_data
 .init4         0x00000076       0x10 c:/program files (x86)/atmel/studio/7.0/toolchain/avr8/avr8-gnu-toolchain/bin/../lib/gcc/avr/5.4.0/avr5\libgcc.a(_clear_bss.o)
                0x00000076                __do_clear_bss
 *(.init4)
 *(.init5)
 *(.init5)
 *(.init6)
 *(.init6)
 *(.init7)
 *(.init7)
 *(.init8)
 *(.init8)
 *(.init9)
 .init9         0x00000086        0x8 C:/Program Files (x86)/Atmel/Studio/7.0/Packs/atmel/ATmega_DFP/1.3.300/gcc/dev/atmega32/avr5/crtatmega32.o
 *(.init9)
 *(.text)
 .text          0x0000008e        0x4 C:/Program Files (x86)/Atmel/Studio/7.0/Packs/atmel/ATmega_DFP/1.3.300/gcc/dev/atmega32/avr5/crtatmega32.o
                0x0000008e                __vector_1
                0x0000008e                __bad_interrupt
                0x0000008e                __vector_6
                0x0000008e                __vector_3
                0x0000008e                __vector_11
                0x0000008e                __vector_17
                0x0000008e                __vector_19
                0x0000008e                __vector_7
                0x0000008e                __vector_5
                0x0000008e                __vector_4
                0x0000008e                __vector_9
                0x0000008e                __vector_2
                0x0000008e                __vector_15
                0x0000008e                __vector_8
                0x0000008e                __vector_10
                0x0000008e                __vector_16
                0x0000008e                __vector_18
                0x0000008e                __vector_20
                0x00000092                . = ALIGN (0x2)
 *(.text.*)
 .text.APP_ReceiveFromTerminal
                0x00000092       0x56 APP/APP.o
 .text.APP_APPToTerminalResponse
                0x000000e8       0x20 APP/APP.o
 .text.APP_CheckCardState
                0x00000108       0x2a APP/APP.o
                0x00000108                APP_CheckCardState
 .text.APP_CommandCompare
                0x00000132       0x9c APP/APP.o
                0x00000132                APP_CommandCompare
 .text.APP_SmallDelay
                0x000001ce       0x5c APP/APP.o
                0x000001ce                APP_SmallDelay
 .text.APP_StoreDataEEPROM
                0x0000022a       0xa6 APP/APP.o
                0x0000022a                APP_StoreDataEEPROM
 .text.APP_ReadAllData
                0x000002d0       0x2a APP/APP.o
                0x000002d0                APP_ReadAllData
 .text.APP_TransDataOverSPI
                0x000002fa       0x26 APP/APP.o
                0x000002fa                APP_TransDataOverSPI
 .text.APP_AppInit
                0x00000320       0x68 APP/APP.o
                0x00000320                APP_AppInit
 .text.APP_UpdateState
                0x00000388      0x1c0 APP/APP.o
                0x00000388                APP_UpdateState
 .text.ECUAL_EEPROMInit
                0x00000548       0x16 ECUAL/EEPROM/EEPROM.o
                0x00000548                ECUAL_EEPROMInit
 .text.ECUAL_EEPROMWrite
                0x0000055e       0x40 ECUAL/EEPROM/EEPROM.o
                0x0000055e                ECUAL_EEPROMWrite
 .text.ECUAL_EEPROMRead
                0x0000059e       0x56 ECUAL/EEPROM/EEPROM.o
                0x0000059e                ECUAL_EEPROMRead
 .text.main     0x000005f4        0xa main.o
                0x000005f4                main
 .text.MCAL_I2CMasterInit
                0x000005fe       0x16 MCAL/I2C/i2c.o
                0x000005fe                MCAL_I2CMasterInit
 .text.MCAL_I2CMaterEstablishComm
                0x00000614       0x3a MCAL/I2C/i2c.o
                0x00000614                MCAL_I2CMaterEstablishComm
 .text.MCAL_I2CMasterRepeatedStart
                0x0000064e       0x3c MCAL/I2C/i2c.o
                0x0000064e                MCAL_I2CMasterRepeatedStart
 .text.MCAL_I2CMasterWrightData
                0x0000068a       0x26 MCAL/I2C/i2c.o
                0x0000068a                MCAL_I2CMasterWrightData
 .text.MCAL_I2CMasterReadsendNACK
                0x000006b0       0x1a MCAL/I2C/i2c.o
                0x000006b0                MCAL_I2CMasterReadsendNACK
 .text.MCAL_I2CMasterStopCondition
                0x000006ca        0xc MCAL/I2C/i2c.o
                0x000006ca                MCAL_I2CMasterStopCondition
 .text.MCAL_SpiInit
                0x000006d6        0xe MCAL/SPI/spi.o
                0x000006d6                MCAL_SpiInit
 .text.MCAL_SPISlaveTrans
                0x000006e4       0x1c MCAL/SPI/spi.o
                0x000006e4                MCAL_SPISlaveTrans
 .text.__vector_12
                0x00000700       0x54 MCAL/SPI/spi.o
                0x00000700                __vector_12
 .text.USART_Init
                0x00000754       0x24 MCAL/UART/uart.o
                0x00000754                USART_Init
 .text.USART_Transmit
                0x00000778        0xc MCAL/UART/uart.o
                0x00000778                USART_Transmit
 .text.USART_Receive
                0x00000784       0x2a MCAL/UART/uart.o
                0x00000784                USART_Receive
 .text.USART_UDRInterruptDisable
                0x000007ae        0x6 MCAL/UART/uart.o
                0x000007ae                USART_UDRInterruptDisable
 .text.__vector_14
                0x000007b4       0x58 MCAL/UART/uart.o
                0x000007b4                __vector_14
 .text.__vector_13
                0x0000080c       0x5a MCAL/UART/uart.o
                0x0000080c                __vector_13
                0x00000866                . = ALIGN (0x2)
 *(.fini9)
 .fini9         0x00000866        0x0 c:/program files (x86)/atmel/studio/7.0/toolchain/avr8/avr8-gnu-toolchain/bin/../lib/gcc/avr/5.4.0/avr5\libgcc.a(_exit.o)
                0x00000866                _exit
                0x00000866                exit
 *(.fini9)
 *(.fini8)
 *(.fini8)
 *(.fini7)
 *(.fini7)
 *(.fini6)
 *(.fini6)
 *(.fini5)
 *(.fini5)
 *(.fini4)
 *(.fini4)
 *(.fini3)
 *(.fini3)
 *(.fini2)
 *(.fini2)
 *(.fini1)
 *(.fini1)
 *(.fini0)
 .fini0         0x00000866        0x4 c:/program files (x86)/atmel/studio/7.0/toolchain/avr8/avr8-gnu-toolchain/bin/../lib/gcc/avr/5.4.0/avr5\libgcc.a(_exit.o)
 *(.fini0)
                0x0000086a                _etext = .

.data           0x00800060      0x232 load address 0x0000086a
                0x00800060                PROVIDE (__data_start, .)
 *(.data)
 *(.data*)
 .data.CurrentModeState
                0x00800060        0x2 APP/APP.o
                0x00800060                CurrentModeState
 .data.PINNumExceedMax
                0x00800062       0x1a APP/APP.o
 .data.PINMessage
                0x0080007c       0x16 APP/APP.o
 .data.PANNumExceedMax
                0x00800092       0x20 APP/APP.o
 .data.PrimaryACCNUMMessage
                0x008000b2       0x29 APP/APP.o
 .data.HolderNameExceedMax
                0x008000db       0x38 APP/APP.o
 .data.HolderNameMessage
                0x00800113       0x23 APP/APP.o
 .data.UserModeMessage
                0x00800136       0x5a APP/APP.o
 .data.NotProgrammedMessage
                0x00800190       0x39 APP/APP.o
 .data.WrongCommandMessage
                0x008001c9       0x11 APP/APP.o
 *(.gnu.linkonce.d*)
 *(.rodata)
 *(.rodata*)
 .rodata.str1.1
                0x008001da       0xac APP/APP.o
 .rodata.UserString
                0x00800286        0x5 APP/APP.o
 .rodata.AdminString
                0x0080028b        0x6 APP/APP.o
 *(.gnu.linkonce.r*)
                0x00800292                . = ALIGN (0x2)
 *fill*         0x00800291        0x1 
                0x00800292                _edata = .
                0x00800292                PROVIDE (__data_end, .)

.bss            0x00800292      0x12b
                0x00800292                PROVIDE (__bss_start, .)
 *(.bss)
 *(.bss*)
 .bss.RXC_CallBack
                0x00800292        0x2 MCAL/UART/uart.o
 .bss.UDRE_CallBack
                0x00800294        0x2 MCAL/UART/uart.o
 *(COMMON)
 COMMON         0x00800296      0x11e APP/APP.o
                0x00800296                TransSPDR_Value
                0x00800297                flusher
                0x00800298                ReceiveSPDR_Value
                0x00800299                aStringBuffer
                0x00800398                aDataBuffer
 COMMON         0x008003b4        0x3 ECUAL/EEPROM/EEPROM.o
                0x008003b4                Master_Configure_t
 COMMON         0x008003b7        0x3 MCAL/SPI/spi.o
                0x008003b7                flush_buffer
                0x008003b8                pCallBack
 COMMON         0x008003ba        0x3 MCAL/UART/uart.o
                0x008003ba                U8_Transmit_UDR
                0x008003bb                U8_Receive_UDR
                0x008003bd                PROVIDE (__bss_end, .)
                0x0000086a                __data_load_start = LOADADDR (.data)
                0x00000a9c                __data_load_end = (__data_load_start + SIZEOF (.data))

.noinit         0x008003bd        0x0
                [!provide]                PROVIDE (__noinit_start, .)
 *(.noinit*)
                [!provide]                PROVIDE (__noinit_end, .)
                0x008003bd                _end = .
                [!provide]                PROVIDE (__heap_start, .)

.eeprom         0x00810000        0x0
 *(.eeprom*)
                0x00810000                __eeprom_end = .

.fuse
 *(.fuse)
 *(.lfuse)
 *(.hfuse)
 *(.efuse)

.lock
 *(.lock*)

.signature
 *(.signature*)

.user_signatures
 *(.user_signatures*)

.stab
 *(.stab)

.stabstr
 *(.stabstr)

.stab.excl
 *(.stab.excl)

.stab.exclstr
 *(.stab.exclstr)

.stab.index
 *(.stab.index)

.stab.indexstr
 *(.stab.indexstr)

.comment        0x00000000       0x30
 *(.comment)
 .comment       0x00000000       0x30 APP/APP.o
                                 0x31 (size before relaxing)
 .comment       0x00000030       0x31 ECUAL/EEPROM/EEPROM.o
 .comment       0x00000030       0x31 main.o
 .comment       0x00000030       0x31 MCAL/I2C/i2c.o
 .comment       0x00000030       0x31 MCAL/SPI/spi.o
 .comment       0x00000030       0x31 MCAL/UART/uart.o

.note.gnu.avr.deviceinfo
                0x00000000       0x3c
 .note.gnu.avr.deviceinfo
                0x00000000       0x3c C:/Program Files (x86)/Atmel/Studio/7.0/Packs/atmel/ATmega_DFP/1.3.300/gcc/dev/atmega32/avr5/crtatmega32.o

.note.gnu.build-id
 *(.note.gnu.build-id)

.debug
 *(.debug)

.line
 *(.line)

.debug_srcinfo
 *(.debug_srcinfo)

.debug_sfnames
 *(.debug_sfnames)

.debug_aranges  0x00000000      0x260
 *(.debug_aranges)
 .debug_aranges
                0x00000000       0x70 APP/APP.o
 .debug_aranges
                0x00000070       0x30 ECUAL/EEPROM/EEPROM.o
 .debug_aranges
                0x000000a0       0x20 main.o
 .debug_aranges
                0x000000c0       0x70 MCAL/I2C/i2c.o
 .debug_aranges
                0x00000130       0x80 MCAL/SPI/spi.o
 .debug_aranges
                0x000001b0       0xb0 MCAL/UART/uart.o

.debug_pubnames
 *(.debug_pubnames)

.debug_info     0x00000000     0x1ffb
 *(.debug_info .gnu.linkonce.wi.*)
 .debug_info    0x00000000      0x4e6 C:/Program Files (x86)/Atmel/Studio/7.0/Packs/atmel/ATmega_DFP/1.3.300/gcc/dev/atmega32/avr5/crtatmega32.o
 .debug_info    0x000004e6      0xa03 APP/APP.o
 .debug_info    0x00000ee9      0x343 ECUAL/EEPROM/EEPROM.o
 .debug_info    0x0000122c       0x84 main.o
 .debug_info    0x000012b0      0x3f2 MCAL/I2C/i2c.o
 .debug_info    0x000016a2      0x4b3 MCAL/SPI/spi.o
 .debug_info    0x00001b55      0x4a6 MCAL/UART/uart.o

.debug_abbrev   0x00000000      0xbd4
 *(.debug_abbrev)
 .debug_abbrev  0x00000000      0x4a3 C:/Program Files (x86)/Atmel/Studio/7.0/Packs/atmel/ATmega_DFP/1.3.300/gcc/dev/atmega32/avr5/crtatmega32.o
 .debug_abbrev  0x000004a3      0x1f4 APP/APP.o
 .debug_abbrev  0x00000697      0x131 ECUAL/EEPROM/EEPROM.o
 .debug_abbrev  0x000007c8       0x68 main.o
 .debug_abbrev  0x00000830      0x12f MCAL/I2C/i2c.o
 .debug_abbrev  0x0000095f      0x14e MCAL/SPI/spi.o
 .debug_abbrev  0x00000aad      0x127 MCAL/UART/uart.o

.debug_line     0x00000000     0x11b2
 *(.debug_line .debug_line.* .debug_line_end)
 .debug_line    0x00000000      0x115 C:/Program Files (x86)/Atmel/Studio/7.0/Packs/atmel/ATmega_DFP/1.3.300/gcc/dev/atmega32/avr5/crtatmega32.o
 .debug_line    0x00000115      0x521 APP/APP.o
 .debug_line    0x00000636      0x121 ECUAL/EEPROM/EEPROM.o
 .debug_line    0x00000757       0x59 main.o
 .debug_line    0x000007b0      0x3bb MCAL/I2C/i2c.o
 .debug_line    0x00000b6b      0x2b9 MCAL/SPI/spi.o
 .debug_line    0x00000e24      0x38e MCAL/UART/uart.o

.debug_frame    0x00000000      0x69c
 *(.debug_frame)
 .debug_frame   0x00000000      0x178 APP/APP.o
 .debug_frame   0x00000178       0x70 ECUAL/EEPROM/EEPROM.o
 .debug_frame   0x000001e8       0x24 main.o
 .debug_frame   0x0000020c       0xc4 MCAL/I2C/i2c.o
 .debug_frame   0x000002d0      0x1f8 MCAL/SPI/spi.o
 .debug_frame   0x000004c8      0x1d4 MCAL/UART/uart.o

.debug_str      0x00000000     0x1148
 *(.debug_str)
 .debug_str     0x00000000      0x196 C:/Program Files (x86)/Atmel/Studio/7.0/Packs/atmel/ATmega_DFP/1.3.300/gcc/dev/atmega32/avr5/crtatmega32.o
 .debug_str     0x00000196      0x534 APP/APP.o
                                0x571 (size before relaxing)
 .debug_str     0x000006ca      0x189 ECUAL/EEPROM/EEPROM.o
                                0x35f (size before relaxing)
 .debug_str     0x00000853       0x11 main.o
                                0x145 (size before relaxing)
 .debug_str     0x00000864      0x3ae MCAL/I2C/i2c.o
                                0x655 (size before relaxing)
 .debug_str     0x00000c12      0x1d5 MCAL/SPI/spi.o
                                0x3d9 (size before relaxing)
 .debug_str     0x00000de7      0x361 MCAL/UART/uart.o
                                0x52a (size before relaxing)

.debug_loc      0x00000000     0x186a
 *(.debug_loc)
 .debug_loc     0x00000000      0x810 APP/APP.o
 .debug_loc     0x00000810      0x16c ECUAL/EEPROM/EEPROM.o
 .debug_loc     0x0000097c      0x433 MCAL/I2C/i2c.o
 .debug_loc     0x00000daf      0x647 MCAL/SPI/spi.o
 .debug_loc     0x000013f6      0x474 MCAL/UART/uart.o

.debug_macinfo
 *(.debug_macinfo)

.debug_weaknames
 *(.debug_weaknames)

.debug_funcnames
 *(.debug_funcnames)

.debug_typenames
 *(.debug_typenames)

.debug_varnames
 *(.debug_varnames)

.debug_pubtypes
 *(.debug_pubtypes)

.debug_ranges   0x00000000      0x200
 *(.debug_ranges)
 .debug_ranges  0x00000000       0x60 APP/APP.o
 .debug_ranges  0x00000060       0x20 ECUAL/EEPROM/EEPROM.o
 .debug_ranges  0x00000080       0x10 main.o
 .debug_ranges  0x00000090       0x60 MCAL/I2C/i2c.o
 .debug_ranges  0x000000f0       0x70 MCAL/SPI/spi.o
 .debug_ranges  0x00000160       0xa0 MCAL/UART/uart.o

.debug_macro
 *(.debug_macro)
OUTPUT(MCU1 CARD.elf elf32-avr)
LOAD linker stubs
