Archive member included to satisfy reference by file (symbol)

c:/program files (x86)/atmel/studio/7.0/toolchain/avr8/avr8-gnu-toolchain/bin/../lib/gcc/avr/5.4.0/avr5\libgcc.a(_exit.o)
                              C:/Program Files (x86)/Atmel/Studio/7.0/Packs/atmel/ATmega_DFP/1.3.300/gcc/dev/atmega32/avr5/crtatmega32.o (exit)
c:/program files (x86)/atmel/studio/7.0/toolchain/avr8/avr8-gnu-toolchain/bin/../lib/gcc/avr/5.4.0/avr5\libgcc.a(_copy_data.o)
                              APP/Application.o (__do_copy_data)
c:/program files (x86)/atmel/studio/7.0/toolchain/avr8/avr8-gnu-toolchain/bin/../lib/gcc/avr/5.4.0/avr5\libgcc.a(_clear_bss.o)
                              APP/Application.o (__do_clear_bss)

Allocating common symbols
Common symbol       size              file

Current_state       0x1               APP/Application.o
U8_Transmit_UDR     0x1               MCAL/UART/uart.o
U8_Receive_UDR      0x2               MCAL/UART/uart.o

Discarded input sections

 .data          0x00000000        0x0 C:/Program Files (x86)/Atmel/Studio/7.0/Packs/atmel/ATmega_DFP/1.3.300/gcc/dev/atmega32/avr5/crtatmega32.o
 .bss           0x00000000        0x0 C:/Program Files (x86)/Atmel/Studio/7.0/Packs/atmel/ATmega_DFP/1.3.300/gcc/dev/atmega32/avr5/crtatmega32.o
 .text          0x00000000        0x0 APP/Application.o
 .data          0x00000000        0x0 APP/Application.o
 .bss           0x00000000        0x0 APP/Application.o
 .text          0x00000000        0x0 ECUAL/LED/LED.o
 .data          0x00000000        0x0 ECUAL/LED/LED.o
 .bss           0x00000000        0x0 ECUAL/LED/LED.o
 .text          0x00000000        0x0 main.o
 .data          0x00000000        0x0 main.o
 .bss           0x00000000        0x0 main.o
 .text          0x00000000        0x0 MCAL/Dio/Dio.o
 .data          0x00000000        0x0 MCAL/Dio/Dio.o
 .bss           0x00000000        0x0 MCAL/Dio/Dio.o
 .text.Dio_readPin
                0x00000000       0xca MCAL/Dio/Dio.o
 .text.Dio_togglePin
                0x00000000       0x8e MCAL/Dio/Dio.o
 .text          0x00000000        0x0 MCAL/Dio/Dio_Cfg.o
 .data          0x00000000        0x0 MCAL/Dio/Dio_Cfg.o
 .bss           0x00000000        0x0 MCAL/Dio/Dio_Cfg.o
 .text          0x00000000        0x0 MCAL/UART/uart.o
 .data          0x00000000        0x0 MCAL/UART/uart.o
 .bss           0x00000000        0x0 MCAL/UART/uart.o
 .text.USART_Transmit_Packet
                0x00000000       0x34 MCAL/UART/uart.o
 .text.USART_receive_Packet
                0x00000000       0x34 MCAL/UART/uart.o
 .text.USART_RxInterruptEnable
                0x00000000        0x6 MCAL/UART/uart.o
 .text.USART_Receive_INTDriven
                0x00000000       0x20 MCAL/UART/uart.o
 .text.USART_TxInterruptEnable
                0x00000000        0x6 MCAL/UART/uart.o
 .text.USART_TxInterruptDisable
                0x00000000        0x6 MCAL/UART/uart.o
 .text.USART_UDRInterruptEnable
                0x00000000        0x6 MCAL/UART/uart.o
 .text.USART_Transmit_INTDriven
                0x00000000       0x20 MCAL/UART/uart.o
 .text.USART_TX_Enable
                0x00000000        0x6 MCAL/UART/uart.o
 .text.USART_TX_Disable
                0x00000000        0x6 MCAL/UART/uart.o
 .text.USART_RX_Enable
                0x00000000        0x6 MCAL/UART/uart.o
 .text.USART_RX_Disable
                0x00000000        0x6 MCAL/UART/uart.o
 .text          0x00000000        0x0 c:/program files (x86)/atmel/studio/7.0/toolchain/avr8/avr8-gnu-toolchain/bin/../lib/gcc/avr/5.4.0/avr5\libgcc.a(_exit.o)
 .data          0x00000000        0x0 c:/program files (x86)/atmel/studio/7.0/toolchain/avr8/avr8-gnu-toolchain/bin/../lib/gcc/avr/5.4.0/avr5\libgcc.a(_exit.o)
 .bss           0x00000000        0x0 c:/program files (x86)/atmel/studio/7.0/toolchain/avr8/avr8-gnu-toolchain/bin/../lib/gcc/avr/5.4.0/avr5\libgcc.a(_exit.o)
 .text.libgcc.mul
                0x00000000        0x0 c:/program files (x86)/atmel/studio/7.0/toolchain/avr8/avr8-gnu-toolchain/bin/../lib/gcc/avr/5.4.0/avr5\libgcc.a(_exit.o)
 .text.libgcc.div
                0x00000000        0x0 c:/program files (x86)/atmel/studio/7.0/toolchain/avr8/avr8-gnu-toolchain/bin/../lib/gcc/avr/5.4.0/avr5\libgcc.a(_exit.o)
 .text.libgcc   0x00000000        0x0 c:/program files (x86)/atmel/studio/7.0/toolchain/avr8/avr8-gnu-toolchain/bin/../lib/gcc/avr/5.4.0/avr5\libgcc.a(_exit.o)
 .text.libgcc.prologue
                0x00000000        0x0 c:/program files (x86)/atmel/studio/7.0/toolchain/avr8/avr8-gnu-toolchain/bin/../lib/gcc/avr/5.4.0/avr5\libgcc.a(_exit.o)
 .text.libgcc.builtins
                0x00000000        0x0 c:/program files (x86)/atmel/studio/7.0/toolchain/avr8/avr8-gnu-toolchain/bin/../lib/gcc/avr/5.4.0/avr5\libgcc.a(_exit.o)
 .text.libgcc.fmul
                0x00000000        0x0 c:/program files (x86)/atmel/studio/7.0/toolchain/avr8/avr8-gnu-toolchain/bin/../lib/gcc/avr/5.4.0/avr5\libgcc.a(_exit.o)
 .text.libgcc.fixed
                0x00000000        0x0 c:/program files (x86)/atmel/studio/7.0/toolchain/avr8/avr8-gnu-toolchain/bin/../lib/gcc/avr/5.4.0/avr5\libgcc.a(_exit.o)
 .text          0x00000000        0x0 c:/program files (x86)/atmel/studio/7.0/toolchain/avr8/avr8-gnu-toolchain/bin/../lib/gcc/avr/5.4.0/avr5\libgcc.a(_copy_data.o)
 .data          0x00000000        0x0 c:/program files (x86)/atmel/studio/7.0/toolchain/avr8/avr8-gnu-toolchain/bin/../lib/gcc/avr/5.4.0/avr5\libgcc.a(_copy_data.o)
 .bss           0x00000000        0x0 c:/program files (x86)/atmel/studio/7.0/toolchain/avr8/avr8-gnu-toolchain/bin/../lib/gcc/avr/5.4.0/avr5\libgcc.a(_copy_data.o)
 .text.libgcc.mul
                0x00000000        0x0 c:/program files (x86)/atmel/studio/7.0/toolchain/avr8/avr8-gnu-toolchain/bin/../lib/gcc/avr/5.4.0/avr5\libgcc.a(_copy_data.o)
 .text.libgcc.div
                0x00000000        0x0 c:/program files (x86)/atmel/studio/7.0/toolchain/avr8/avr8-gnu-toolchain/bin/../lib/gcc/avr/5.4.0/avr5\libgcc.a(_copy_data.o)
 .text.libgcc   0x00000000        0x0 c:/program files (x86)/atmel/studio/7.0/toolchain/avr8/avr8-gnu-toolchain/bin/../lib/gcc/avr/5.4.0/avr5\libgcc.a(_copy_data.o)
 .text.libgcc.prologue
                0x00000000        0x0 c:/program files (x86)/atmel/studio/7.0/toolchain/avr8/avr8-gnu-toolchain/bin/../lib/gcc/avr/5.4.0/avr5\libgcc.a(_copy_data.o)
 .text.libgcc.builtins
                0x00000000        0x0 c:/program files (x86)/atmel/studio/7.0/toolchain/avr8/avr8-gnu-toolchain/bin/../lib/gcc/avr/5.4.0/avr5\libgcc.a(_copy_data.o)
 .text.libgcc.fmul
                0x00000000        0x0 c:/program files (x86)/atmel/studio/7.0/toolchain/avr8/avr8-gnu-toolchain/bin/../lib/gcc/avr/5.4.0/avr5\libgcc.a(_copy_data.o)
 .text.libgcc.fixed
                0x00000000        0x0 c:/program files (x86)/atmel/studio/7.0/toolchain/avr8/avr8-gnu-toolchain/bin/../lib/gcc/avr/5.4.0/avr5\libgcc.a(_copy_data.o)
 .text          0x00000000        0x0 c:/program files (x86)/atmel/studio/7.0/toolchain/avr8/avr8-gnu-toolchain/bin/../lib/gcc/avr/5.4.0/avr5\libgcc.a(_clear_bss.o)
 .data          0x00000000        0x0 c:/program files (x86)/atmel/studio/7.0/toolchain/avr8/avr8-gnu-toolchain/bin/../lib/gcc/avr/5.4.0/avr5\libgcc.a(_clear_bss.o)
 .bss           0x00000000        0x0 c:/program files (x86)/atmel/studio/7.0/toolchain/avr8/avr8-gnu-toolchain/bin/../lib/gcc/avr/5.4.0/avr5\libgcc.a(_clear_bss.o)
 .text.libgcc.mul
                0x00000000        0x0 c:/program files (x86)/atmel/studio/7.0/toolchain/avr8/avr8-gnu-toolchain/bin/../lib/gcc/avr/5.4.0/avr5\libgcc.a(_clear_bss.o)
 .text.libgcc.div
                0x00000000        0x0 c:/program files (x86)/atmel/studio/7.0/toolchain/avr8/avr8-gnu-toolchain/bin/../lib/gcc/avr/5.4.0/avr5\libgcc.a(_clear_bss.o)
 .text.libgcc   0x00000000        0x0 c:/program files (x86)/atmel/studio/7.0/toolchain/avr8/avr8-gnu-toolchain/bin/../lib/gcc/avr/5.4.0/avr5\libgcc.a(_clear_bss.o)
 .text.libgcc.prologue
                0x00000000        0x0 c:/program files (x86)/atmel/studio/7.0/toolchain/avr8/avr8-gnu-toolchain/bin/../lib/gcc/avr/5.4.0/avr5\libgcc.a(_clear_bss.o)
 .text.libgcc.builtins
                0x00000000        0x0 c:/program files (x86)/atmel/studio/7.0/toolchain/avr8/avr8-gnu-toolchain/bin/../lib/gcc/avr/5.4.0/avr5\libgcc.a(_clear_bss.o)
 .text.libgcc.fmul
                0x00000000        0x0 c:/program files (x86)/atmel/studio/7.0/toolchain/avr8/avr8-gnu-toolchain/bin/../lib/gcc/avr/5.4.0/avr5\libgcc.a(_clear_bss.o)
 .text.libgcc.fixed
                0x00000000        0x0 c:/program files (x86)/atmel/studio/7.0/toolchain/avr8/avr8-gnu-toolchain/bin/../lib/gcc/avr/5.4.0/avr5\libgcc.a(_clear_bss.o)

Memory Configuration

Name             Origin             Length             Attributes
text             0x00000000         0x00020000         xr
data             0x00800060         0x0000ffa0         rw !x
eeprom           0x00810000         0x00010000         rw !x
fuse             0x00820000         0x00000002         rw !x
lock             0x00830000         0x00000400         rw !x
signature        0x00840000         0x00000400         rw !x
user_signatures  0x00850000         0x00000400         rw !x
*default*        0x00000000         0xffffffff

Linker script and memory map

LOAD C:/Program Files (x86)/Atmel/Studio/7.0/Packs/atmel/ATmega_DFP/1.3.300/gcc/dev/atmega32/avr5/crtatmega32.o
LOAD APP/Application.o
LOAD ECUAL/LED/LED.o
LOAD main.o
LOAD MCAL/Dio/Dio.o
LOAD MCAL/Dio/Dio_Cfg.o
LOAD MCAL/UART/uart.o
START GROUP
LOAD c:/program files (x86)/atmel/studio/7.0/toolchain/avr8/avr8-gnu-toolchain/bin/../lib/gcc/avr/5.4.0/../../../../avr/lib/avr5\libm.a
END GROUP
START GROUP
LOAD c:/program files (x86)/atmel/studio/7.0/toolchain/avr8/avr8-gnu-toolchain/bin/../lib/gcc/avr/5.4.0/avr5\libgcc.a
LOAD c:/program files (x86)/atmel/studio/7.0/toolchain/avr8/avr8-gnu-toolchain/bin/../lib/gcc/avr/5.4.0/../../../../avr/lib/avr5\libm.a
LOAD c:/program files (x86)/atmel/studio/7.0/toolchain/avr8/avr8-gnu-toolchain/bin/../lib/gcc/avr/5.4.0/../../../../avr/lib/avr5\libc.a
LOAD C:/Program Files (x86)/Atmel/Studio/7.0/Packs/atmel/ATmega_DFP/1.3.300/gcc/dev/atmega32/avr5\libatmega32.a
END GROUP
                0x00000000                __TEXT_REGION_ORIGIN__ = DEFINED (__TEXT_REGION_ORIGIN__)?__TEXT_REGION_ORIGIN__:0x0
                0x00800060                __DATA_REGION_ORIGIN__ = DEFINED (__DATA_REGION_ORIGIN__)?__DATA_REGION_ORIGIN__:0x800060
                0x00020000                __TEXT_REGION_LENGTH__ = DEFINED (__TEXT_REGION_LENGTH__)?__TEXT_REGION_LENGTH__:0x20000
                0x0000ffa0                __DATA_REGION_LENGTH__ = DEFINED (__DATA_REGION_LENGTH__)?__DATA_REGION_LENGTH__:0xffa0
                0x00010000                __EEPROM_REGION_LENGTH__ = DEFINED (__EEPROM_REGION_LENGTH__)?__EEPROM_REGION_LENGTH__:0x10000
                [0x00000002]                __FUSE_REGION_LENGTH__ = DEFINED (__FUSE_REGION_LENGTH__)?__FUSE_REGION_LENGTH__:0x400
                0x00000400                __LOCK_REGION_LENGTH__ = DEFINED (__LOCK_REGION_LENGTH__)?__LOCK_REGION_LENGTH__:0x400
                0x00000400                __SIGNATURE_REGION_LENGTH__ = DEFINED (__SIGNATURE_REGION_LENGTH__)?__SIGNATURE_REGION_LENGTH__:0x400
                0x00000400                __USER_SIGNATURE_REGION_LENGTH__ = DEFINED (__USER_SIGNATURE_REGION_LENGTH__)?__USER_SIGNATURE_REGION_LENGTH__:0x400

.hash
 *(.hash)

.dynsym
 *(.dynsym)

.dynstr
 *(.dynstr)

.gnu.version
 *(.gnu.version)

.gnu.version_d
 *(.gnu.version_d)

.gnu.version_r
 *(.gnu.version_r)

.rel.init
 *(.rel.init)

.rela.init
 *(.rela.init)

.rel.text
 *(.rel.text)
 *(.rel.text.*)
 *(.rel.gnu.linkonce.t*)

.rela.text
 *(.rela.text)
 *(.rela.text.*)
 *(.rela.gnu.linkonce.t*)

.rel.fini
 *(.rel.fini)

.rela.fini
 *(.rela.fini)

.rel.rodata
 *(.rel.rodata)
 *(.rel.rodata.*)
 *(.rel.gnu.linkonce.r*)

.rela.rodata
 *(.rela.rodata)
 *(.rela.rodata.*)
 *(.rela.gnu.linkonce.r*)

.rel.data
 *(.rel.data)
 *(.rel.data.*)
 *(.rel.gnu.linkonce.d*)

.rela.data
 *(.rela.data)
 *(.rela.data.*)
 *(.rela.gnu.linkonce.d*)

.rel.ctors
 *(.rel.ctors)

.rela.ctors
 *(.rela.ctors)

.rel.dtors
 *(.rel.dtors)

.rela.dtors
 *(.rela.dtors)

.rel.got
 *(.rel.got)

.rela.got
 *(.rela.got)

.rel.bss
 *(.rel.bss)

.rela.bss
 *(.rela.bss)

.rel.plt
 *(.rel.plt)

.rela.plt
 *(.rela.plt)

.text           0x00000000      0x810
 *(.vectors)
 .vectors       0x00000000       0x54 C:/Program Files (x86)/Atmel/Studio/7.0/Packs/atmel/ATmega_DFP/1.3.300/gcc/dev/atmega32/avr5/crtatmega32.o
                0x00000000                __vector_default
                0x00000000                __vectors
 *(.vectors)
 *(.progmem.gcc*)
                0x00000054                . = ALIGN (0x2)
                0x00000054                __trampolines_start = .
 *(.trampolines)
 .trampolines   0x00000054        0x0 linker stubs
 *(.trampolines*)
                0x00000054                __trampolines_end = .
 *libprintf_flt.a:*(.progmem.data)
 *libc.a:*(.progmem.data)
 *(.progmem*)
                0x00000054                . = ALIGN (0x2)
 *(.jumptables)
 *(.jumptables*)
 *(.lowtext)
 *(.lowtext*)
                0x00000054                __ctors_start = .
 *(.ctors)
                0x00000054                __ctors_end = .
                0x00000054                __dtors_start = .
 *(.dtors)
                0x00000054                __dtors_end = .
 SORT(*)(.ctors)
 SORT(*)(.dtors)
 *(.init0)
 .init0         0x00000054        0x0 C:/Program Files (x86)/Atmel/Studio/7.0/Packs/atmel/ATmega_DFP/1.3.300/gcc/dev/atmega32/avr5/crtatmega32.o
                0x00000054                __init
 *(.init0)
 *(.init1)
 *(.init1)
 *(.init2)
 .init2         0x00000054        0xc C:/Program Files (x86)/Atmel/Studio/7.0/Packs/atmel/ATmega_DFP/1.3.300/gcc/dev/atmega32/avr5/crtatmega32.o
 *(.init2)
 *(.init3)
 *(.init3)
 *(.init4)
 .init4         0x00000060       0x16 c:/program files (x86)/atmel/studio/7.0/toolchain/avr8/avr8-gnu-toolchain/bin/../lib/gcc/avr/5.4.0/avr5\libgcc.a(_copy_data.o)
                0x00000060                __do_copy_data
 .init4         0x00000076       0x10 c:/program files (x86)/atmel/studio/7.0/toolchain/avr8/avr8-gnu-toolchain/bin/../lib/gcc/avr/5.4.0/avr5\libgcc.a(_clear_bss.o)
                0x00000076                __do_clear_bss
 *(.init4)
 *(.init5)
 *(.init5)
 *(.init6)
 *(.init6)
 *(.init7)
 *(.init7)
 *(.init8)
 *(.init8)
 *(.init9)
 .init9         0x00000086        0x8 C:/Program Files (x86)/Atmel/Studio/7.0/Packs/atmel/ATmega_DFP/1.3.300/gcc/dev/atmega32/avr5/crtatmega32.o
 *(.init9)
 *(.text)
 .text          0x0000008e        0x4 C:/Program Files (x86)/Atmel/Studio/7.0/Packs/atmel/ATmega_DFP/1.3.300/gcc/dev/atmega32/avr5/crtatmega32.o
                0x0000008e                __vector_1
                0x0000008e                __vector_12
                0x0000008e                __bad_interrupt
                0x0000008e                __vector_6
                0x0000008e                __vector_3
                0x0000008e                __vector_11
                0x0000008e                __vector_17
                0x0000008e                __vector_19
                0x0000008e                __vector_7
                0x0000008e                __vector_5
                0x0000008e                __vector_4
                0x0000008e                __vector_9
                0x0000008e                __vector_2
                0x0000008e                __vector_15
                0x0000008e                __vector_8
                0x0000008e                __vector_10
                0x0000008e                __vector_16
                0x0000008e                __vector_18
                0x0000008e                __vector_20
                0x00000092                . = ALIGN (0x2)
 *(.text.*)
 .text.APP_receiveCommand
                0x00000092       0x44 APP/Application.o
                0x00000092                APP_receiveCommand
 .text.APP_StringsCompare
                0x000000d6      0x12e APP/Application.o
                0x000000d6                APP_StringsCompare
 .text.APP_sendResponse
                0x00000204       0x20 APP/Application.o
                0x00000204                APP_sendResponse
 .text.APP_init
                0x00000224        0xa APP/Application.o
                0x00000224                APP_init
 .text.APP_GetState
                0x0000022e       0x5a APP/Application.o
                0x0000022e                APP_GetState
 .text.APP_UpdateState
                0x00000288       0x74 APP/Application.o
                0x00000288                APP_UpdateState
 .text.ECUAL_LedInit
                0x000002fc        0xa ECUAL/LED/LED.o
                0x000002fc                ECUAL_LedInit
 .text.ECUAL_GreenSignON
                0x00000306        0xa ECUAL/LED/LED.o
                0x00000306                ECUAL_GreenSignON
 .text.ECUAL_GreenSignOFF
                0x00000310        0xa ECUAL/LED/LED.o
                0x00000310                ECUAL_GreenSignOFF
 .text.ECUAL_YellowSignON
                0x0000031a        0xa ECUAL/LED/LED.o
                0x0000031a                ECUAL_YellowSignON
 .text.ECUAL_YellowSignOFF
                0x00000324        0xa ECUAL/LED/LED.o
                0x00000324                ECUAL_YellowSignOFF
 .text.ECUAL_RedSignON
                0x0000032e        0xa ECUAL/LED/LED.o
                0x0000032e                ECUAL_RedSignON
 .text.ECUAL_RedSignOFF
                0x00000338        0xa ECUAL/LED/LED.o
                0x00000338                ECUAL_RedSignOFF
 .text.main     0x00000342        0xe main.o
                0x00000342                main
 .text.Dio_init
                0x00000350      0x266 MCAL/Dio/Dio.o
                0x00000350                Dio_init
 .text.Dio_writePin
                0x000005b6      0x13a MCAL/Dio/Dio.o
                0x000005b6                Dio_writePin
 .text.USART_Init
                0x000006f0       0x24 MCAL/UART/uart.o
                0x000006f0                USART_Init
 .text.USART_Transmit
                0x00000714        0xc MCAL/UART/uart.o
                0x00000714                USART_Transmit
 .text.USART_Receive
                0x00000720       0x2a MCAL/UART/uart.o
                0x00000720                USART_Receive
 .text.USART_RxInterruptDiable
                0x0000074a        0x6 MCAL/UART/uart.o
                0x0000074a                USART_RxInterruptDiable
 .text.USART_UDRInterruptDisable
                0x00000750        0x6 MCAL/UART/uart.o
                0x00000750                USART_UDRInterruptDisable
 .text.__vector_14
                0x00000756       0x58 MCAL/UART/uart.o
                0x00000756                __vector_14
 .text.__vector_13
                0x000007ae       0x5e MCAL/UART/uart.o
                0x000007ae                __vector_13
                0x0000080c                . = ALIGN (0x2)
 *(.fini9)
 .fini9         0x0000080c        0x0 c:/program files (x86)/atmel/studio/7.0/toolchain/avr8/avr8-gnu-toolchain/bin/../lib/gcc/avr/5.4.0/avr5\libgcc.a(_exit.o)
                0x0000080c                _exit
                0x0000080c                exit
 *(.fini9)
 *(.fini8)
 *(.fini8)
 *(.fini7)
 *(.fini7)
 *(.fini6)
 *(.fini6)
 *(.fini5)
 *(.fini5)
 *(.fini4)
 *(.fini4)
 *(.fini3)
 *(.fini3)
 *(.fini2)
 *(.fini2)
 *(.fini1)
 *(.fini1)
 *(.fini0)
 .fini0         0x0000080c        0x4 c:/program files (x86)/atmel/studio/7.0/toolchain/avr8/avr8-gnu-toolchain/bin/../lib/gcc/avr/5.4.0/avr5\libgcc.a(_exit.o)
 *(.fini0)
                0x00000810                _etext = .

.data           0x00800060       0x7e load address 0x00000810
                0x00800060                PROVIDE (__data_start, .)
 *(.data)
 *(.data*)
 .data.InvalidMessage
                0x00800060       0x11 APP/Application.o
 .data.OKMessage
                0x00800071        0x4 APP/Application.o
 .data.YellowOnMessage
                0x00800075       0x12 APP/Application.o
 .data.RedOnMessage
                0x00800087        0xf APP/Application.o
 .data.GreenOnMessage
                0x00800096       0x11 APP/Application.o
 .data.welcomeMessage
                0x008000a7       0x18 APP/Application.o
 .data.strDio_pins
                0x008000bf        0xc MCAL/Dio/Dio_Cfg.o
                0x008000bf                strDio_pins
 *(.gnu.linkonce.d*)
 *(.rodata)
 *(.rodata*)
 .rodata.AT     0x008000cb        0x3 APP/Application.o
 .rodata.Wait   0x008000ce        0x5 APP/Application.o
 .rodata.Stop   0x008000d3        0x5 APP/Application.o
 .rodata.Start  0x008000d8        0x6 APP/Application.o
 *(.gnu.linkonce.r*)
                0x008000de                . = ALIGN (0x2)
                0x008000de                _edata = .
                0x008000de                PROVIDE (__data_end, .)

.bss            0x008000de        0xe
                0x008000de                PROVIDE (__bss_start, .)
 *(.bss)
 *(.bss*)
 .bss.Command   0x008000de        0x6 APP/Application.o
 .bss.RXC_CallBack
                0x008000e4        0x2 MCAL/UART/uart.o
 .bss.UDRE_CallBack
                0x008000e6        0x2 MCAL/UART/uart.o
 *(COMMON)
 COMMON         0x008000e8        0x1 APP/Application.o
                0x008000e8                Current_state
 COMMON         0x008000e9        0x3 MCAL/UART/uart.o
                0x008000e9                U8_Transmit_UDR
                0x008000ea                U8_Receive_UDR
                0x008000ec                PROVIDE (__bss_end, .)
                0x00000810                __data_load_start = LOADADDR (.data)
                0x0000088e                __data_load_end = (__data_load_start + SIZEOF (.data))

.noinit         0x008000ec        0x0
                [!provide]                PROVIDE (__noinit_start, .)
 *(.noinit*)
                [!provide]                PROVIDE (__noinit_end, .)
                0x008000ec                _end = .
                [!provide]                PROVIDE (__heap_start, .)

.eeprom         0x00810000        0x0
 *(.eeprom*)
                0x00810000                __eeprom_end = .

.fuse
 *(.fuse)
 *(.lfuse)
 *(.hfuse)
 *(.efuse)

.lock
 *(.lock*)

.signature
 *(.signature*)

.user_signatures
 *(.user_signatures*)

.stab
 *(.stab)

.stabstr
 *(.stabstr)

.stab.excl
 *(.stab.excl)

.stab.exclstr
 *(.stab.exclstr)

.stab.index
 *(.stab.index)

.stab.indexstr
 *(.stab.indexstr)

.comment        0x00000000       0x30
 *(.comment)
 .comment       0x00000000       0x30 APP/Application.o
                                 0x31 (size before relaxing)
 .comment       0x00000030       0x31 ECUAL/LED/LED.o
 .comment       0x00000030       0x31 main.o
 .comment       0x00000030       0x31 MCAL/Dio/Dio.o
 .comment       0x00000030       0x31 MCAL/Dio/Dio_Cfg.o
 .comment       0x00000030       0x31 MCAL/UART/uart.o

.note.gnu.avr.deviceinfo
                0x00000000       0x3c
 .note.gnu.avr.deviceinfo
                0x00000000       0x3c C:/Program Files (x86)/Atmel/Studio/7.0/Packs/atmel/ATmega_DFP/1.3.300/gcc/dev/atmega32/avr5/crtatmega32.o

.note.gnu.build-id
 *(.note.gnu.build-id)

.debug
 *(.debug)

.line
 *(.line)

.debug_srcinfo
 *(.debug_srcinfo)

.debug_sfnames
 *(.debug_sfnames)

.debug_aranges  0x00000000      0x1b8
 *(.debug_aranges)
 .debug_aranges
                0x00000000       0x48 APP/Application.o
 .debug_aranges
                0x00000048       0x50 ECUAL/LED/LED.o
 .debug_aranges
                0x00000098       0x20 main.o
 .debug_aranges
                0x000000b8       0x38 MCAL/Dio/Dio.o
 .debug_aranges
                0x000000f0       0x18 MCAL/Dio/Dio_Cfg.o
 .debug_aranges
                0x00000108       0xb0 MCAL/UART/uart.o

.debug_pubnames
 *(.debug_pubnames)

.debug_info     0x00000000     0x14e6
 *(.debug_info .gnu.linkonce.wi.*)
 .debug_info    0x00000000      0x4e6 C:/Program Files (x86)/Atmel/Studio/7.0/Packs/atmel/ATmega_DFP/1.3.300/gcc/dev/atmega32/avr5/crtatmega32.o
 .debug_info    0x000004e6      0x536 APP/Application.o
 .debug_info    0x00000a1c      0x259 ECUAL/LED/LED.o
 .debug_info    0x00000c75       0xd2 main.o
 .debug_info    0x00000d47      0x1f1 MCAL/Dio/Dio.o
 .debug_info    0x00000f38       0xfa MCAL/Dio/Dio_Cfg.o
 .debug_info    0x00001032      0x4b4 MCAL/UART/uart.o

.debug_abbrev   0x00000000      0x9c7
 *(.debug_abbrev)
 .debug_abbrev  0x00000000      0x4a3 C:/Program Files (x86)/Atmel/Studio/7.0/Packs/atmel/ATmega_DFP/1.3.300/gcc/dev/atmega32/avr5/crtatmega32.o
 .debug_abbrev  0x000004a3      0x157 APP/Application.o
 .debug_abbrev  0x000005fa       0xd3 ECUAL/LED/LED.o
 .debug_abbrev  0x000006cd       0x68 main.o
 .debug_abbrev  0x00000735       0xea MCAL/Dio/Dio.o
 .debug_abbrev  0x0000081f       0x7f MCAL/Dio/Dio_Cfg.o
 .debug_abbrev  0x0000089e      0x129 MCAL/UART/uart.o

.debug_line     0x00000000      0xc69
 *(.debug_line .debug_line.* .debug_line_end)
 .debug_line    0x00000000      0x115 C:/Program Files (x86)/Atmel/Studio/7.0/Packs/atmel/ATmega_DFP/1.3.300/gcc/dev/atmega32/avr5/crtatmega32.o
 .debug_line    0x00000115      0x31c APP/Application.o
 .debug_line    0x00000431      0x107 ECUAL/LED/LED.o
 .debug_line    0x00000538       0x6d main.o
 .debug_line    0x000005a5      0x2e9 MCAL/Dio/Dio.o
 .debug_line    0x0000088e       0x47 MCAL/Dio/Dio_Cfg.o
 .debug_line    0x000008d5      0x394 MCAL/UART/uart.o

.debug_frame    0x00000000      0x374
 *(.debug_frame)
 .debug_frame   0x00000000       0x98 APP/Application.o
 .debug_frame   0x00000098       0x84 ECUAL/LED/LED.o
 .debug_frame   0x0000011c       0x24 main.o
 .debug_frame   0x00000140       0x60 MCAL/Dio/Dio.o
 .debug_frame   0x000001a0      0x1d4 MCAL/UART/uart.o

.debug_str      0x00000000      0x9c3
 *(.debug_str)
 .debug_str     0x00000000      0x196 C:/Program Files (x86)/Atmel/Studio/7.0/Packs/atmel/ATmega_DFP/1.3.300/gcc/dev/atmega32/avr5/crtatmega32.o
 .debug_str     0x00000196      0x37e APP/Application.o
                                0x3b1 (size before relaxing)
 .debug_str     0x00000514       0xac ECUAL/LED/LED.o
                                0x2bb (size before relaxing)
 .debug_str     0x000005c0       0x11 main.o
                                0x1cd (size before relaxing)
 .debug_str     0x000005d1       0x7b MCAL/Dio/Dio.o
                                0x2aa (size before relaxing)
 .debug_str     0x0000064c       0x16 MCAL/Dio/Dio_Cfg.o
                                0x22d (size before relaxing)
 .debug_str     0x00000662      0x361 MCAL/UART/uart.o
                                0x540 (size before relaxing)

.debug_loc      0x00000000      0xa87
 *(.debug_loc)
 .debug_loc     0x00000000      0x296 APP/Application.o
 .debug_loc     0x00000296      0x37d MCAL/Dio/Dio.o
 .debug_loc     0x00000613      0x474 MCAL/UART/uart.o

.debug_macinfo
 *(.debug_macinfo)

.debug_weaknames
 *(.debug_weaknames)

.debug_funcnames
 *(.debug_funcnames)

.debug_typenames
 *(.debug_typenames)

.debug_varnames
 *(.debug_varnames)

.debug_pubtypes
 *(.debug_pubtypes)

.debug_ranges   0x00000000      0x150
 *(.debug_ranges)
 .debug_ranges  0x00000000       0x38 APP/Application.o
 .debug_ranges  0x00000038       0x40 ECUAL/LED/LED.o
 .debug_ranges  0x00000078       0x10 main.o
 .debug_ranges  0x00000088       0x28 MCAL/Dio/Dio.o
 .debug_ranges  0x000000b0       0xa0 MCAL/UART/uart.o

.debug_macro
 *(.debug_macro)
OUTPUT(control MCU over UART.elf elf32-avr)
LOAD linker stubs
