Archive member included to satisfy reference by file (symbol)

c:/program files (x86)/atmel/studio/7.0/toolchain/avr8/avr8-gnu-toolchain/bin/../lib/gcc/avr/5.4.0/../../../../avr/lib/avr5\libm.a(addsf3.o)
                              APP/APP.o (__subsf3)
c:/program files (x86)/atmel/studio/7.0/toolchain/avr8/avr8-gnu-toolchain/bin/../lib/gcc/avr/5.4.0/../../../../avr/lib/avr5\libm.a(addsf3x.o)
                              c:/program files (x86)/atmel/studio/7.0/toolchain/avr8/avr8-gnu-toolchain/bin/../lib/gcc/avr/5.4.0/../../../../avr/lib/avr5\libm.a(addsf3.o) (__addsf3x)
c:/program files (x86)/atmel/studio/7.0/toolchain/avr8/avr8-gnu-toolchain/bin/../lib/gcc/avr/5.4.0/../../../../avr/lib/avr5\libm.a(cmpsf2.o)
                              APP/APP.o (__nesf2)
c:/program files (x86)/atmel/studio/7.0/toolchain/avr8/avr8-gnu-toolchain/bin/../lib/gcc/avr/5.4.0/../../../../avr/lib/avr5\libm.a(divsf3.o)
                              APP/APP.o (__divsf3)
c:/program files (x86)/atmel/studio/7.0/toolchain/avr8/avr8-gnu-toolchain/bin/../lib/gcc/avr/5.4.0/../../../../avr/lib/avr5\libm.a(divsf3x.o)
                              c:/program files (x86)/atmel/studio/7.0/toolchain/avr8/avr8-gnu-toolchain/bin/../lib/gcc/avr/5.4.0/../../../../avr/lib/avr5\libm.a(divsf3.o) (__divsf3x)
c:/program files (x86)/atmel/studio/7.0/toolchain/avr8/avr8-gnu-toolchain/bin/../lib/gcc/avr/5.4.0/../../../../avr/lib/avr5\libm.a(fixsfsi.o)
                              APP/APP.o (__fixsfsi)
c:/program files (x86)/atmel/studio/7.0/toolchain/avr8/avr8-gnu-toolchain/bin/../lib/gcc/avr/5.4.0/../../../../avr/lib/avr5\libm.a(fixunssfsi.o)
                              ECUAL/LCD/LCD.o (__fixunssfsi)
c:/program files (x86)/atmel/studio/7.0/toolchain/avr8/avr8-gnu-toolchain/bin/../lib/gcc/avr/5.4.0/../../../../avr/lib/avr5\libm.a(floatsisf.o)
                              APP/APP.o (__floatunsisf)
c:/program files (x86)/atmel/studio/7.0/toolchain/avr8/avr8-gnu-toolchain/bin/../lib/gcc/avr/5.4.0/../../../../avr/lib/avr5\libm.a(fp_cmp.o)
                              c:/program files (x86)/atmel/studio/7.0/toolchain/avr8/avr8-gnu-toolchain/bin/../lib/gcc/avr/5.4.0/../../../../avr/lib/avr5\libm.a(cmpsf2.o) (__fp_cmp)
c:/program files (x86)/atmel/studio/7.0/toolchain/avr8/avr8-gnu-toolchain/bin/../lib/gcc/avr/5.4.0/../../../../avr/lib/avr5\libm.a(fp_inf.o)
                              c:/program files (x86)/atmel/studio/7.0/toolchain/avr8/avr8-gnu-toolchain/bin/../lib/gcc/avr/5.4.0/../../../../avr/lib/avr5\libm.a(addsf3x.o) (__fp_inf)
c:/program files (x86)/atmel/studio/7.0/toolchain/avr8/avr8-gnu-toolchain/bin/../lib/gcc/avr/5.4.0/../../../../avr/lib/avr5\libm.a(fp_nan.o)
                              c:/program files (x86)/atmel/studio/7.0/toolchain/avr8/avr8-gnu-toolchain/bin/../lib/gcc/avr/5.4.0/../../../../avr/lib/avr5\libm.a(addsf3x.o) (__fp_nan)
c:/program files (x86)/atmel/studio/7.0/toolchain/avr8/avr8-gnu-toolchain/bin/../lib/gcc/avr/5.4.0/../../../../avr/lib/avr5\libm.a(fp_pscA.o)
                              c:/program files (x86)/atmel/studio/7.0/toolchain/avr8/avr8-gnu-toolchain/bin/../lib/gcc/avr/5.4.0/../../../../avr/lib/avr5\libm.a(addsf3x.o) (__fp_pscA)
c:/program files (x86)/atmel/studio/7.0/toolchain/avr8/avr8-gnu-toolchain/bin/../lib/gcc/avr/5.4.0/../../../../avr/lib/avr5\libm.a(fp_pscB.o)
                              c:/program files (x86)/atmel/studio/7.0/toolchain/avr8/avr8-gnu-toolchain/bin/../lib/gcc/avr/5.4.0/../../../../avr/lib/avr5\libm.a(addsf3x.o) (__fp_pscB)
c:/program files (x86)/atmel/studio/7.0/toolchain/avr8/avr8-gnu-toolchain/bin/../lib/gcc/avr/5.4.0/../../../../avr/lib/avr5\libm.a(fp_round.o)
                              c:/program files (x86)/atmel/studio/7.0/toolchain/avr8/avr8-gnu-toolchain/bin/../lib/gcc/avr/5.4.0/../../../../avr/lib/avr5\libm.a(addsf3.o) (__fp_round)
c:/program files (x86)/atmel/studio/7.0/toolchain/avr8/avr8-gnu-toolchain/bin/../lib/gcc/avr/5.4.0/../../../../avr/lib/avr5\libm.a(fp_split3.o)
                              c:/program files (x86)/atmel/studio/7.0/toolchain/avr8/avr8-gnu-toolchain/bin/../lib/gcc/avr/5.4.0/../../../../avr/lib/avr5\libm.a(addsf3x.o) (__fp_split3)
c:/program files (x86)/atmel/studio/7.0/toolchain/avr8/avr8-gnu-toolchain/bin/../lib/gcc/avr/5.4.0/../../../../avr/lib/avr5\libm.a(fp_zero.o)
                              c:/program files (x86)/atmel/studio/7.0/toolchain/avr8/avr8-gnu-toolchain/bin/../lib/gcc/avr/5.4.0/../../../../avr/lib/avr5\libm.a(addsf3x.o) (__fp_zero)
c:/program files (x86)/atmel/studio/7.0/toolchain/avr8/avr8-gnu-toolchain/bin/../lib/gcc/avr/5.4.0/../../../../avr/lib/avr5\libm.a(gesf2.o)
                              APP/APP.o (__gtsf2)
c:/program files (x86)/atmel/studio/7.0/toolchain/avr8/avr8-gnu-toolchain/bin/../lib/gcc/avr/5.4.0/../../../../avr/lib/avr5\libm.a(mulsf3.o)
                              APP/APP.o (__mulsf3)
c:/program files (x86)/atmel/studio/7.0/toolchain/avr8/avr8-gnu-toolchain/bin/../lib/gcc/avr/5.4.0/../../../../avr/lib/avr5\libm.a(mulsf3x.o)
                              c:/program files (x86)/atmel/studio/7.0/toolchain/avr8/avr8-gnu-toolchain/bin/../lib/gcc/avr/5.4.0/../../../../avr/lib/avr5\libm.a(mulsf3.o) (__mulsf3x)
c:/program files (x86)/atmel/studio/7.0/toolchain/avr8/avr8-gnu-toolchain/bin/../lib/gcc/avr/5.4.0/avr5\libgcc.a(_mulsi3.o)
                              APP/APP.o (__mulsi3)
c:/program files (x86)/atmel/studio/7.0/toolchain/avr8/avr8-gnu-toolchain/bin/../lib/gcc/avr/5.4.0/avr5\libgcc.a(_divmodhi4.o)
                              APP/APP.o (__divmodhi4)
c:/program files (x86)/atmel/studio/7.0/toolchain/avr8/avr8-gnu-toolchain/bin/../lib/gcc/avr/5.4.0/avr5\libgcc.a(_udivmodsi4.o)
                              ECUAL/LCD/LCD.o (__udivmodsi4)
c:/program files (x86)/atmel/studio/7.0/toolchain/avr8/avr8-gnu-toolchain/bin/../lib/gcc/avr/5.4.0/avr5\libgcc.a(_exit.o)
                              C:/Program Files (x86)/Atmel/Studio/7.0/Packs/atmel/ATmega_DFP/1.3.300/gcc/dev/atmega32/avr5/crtatmega32.o (exit)
c:/program files (x86)/atmel/studio/7.0/toolchain/avr8/avr8-gnu-toolchain/bin/../lib/gcc/avr/5.4.0/avr5\libgcc.a(_copy_data.o)
                              APP/APP.o (__do_copy_data)
c:/program files (x86)/atmel/studio/7.0/toolchain/avr8/avr8-gnu-toolchain/bin/../lib/gcc/avr/5.4.0/avr5\libgcc.a(_clear_bss.o)
                              APP/APP.o (__do_clear_bss)
c:/program files (x86)/atmel/studio/7.0/toolchain/avr8/avr8-gnu-toolchain/bin/../lib/gcc/avr/5.4.0/avr5\libgcc.a(_umulhisi3.o)
                              APP/APP.o (__umulhisi3)
c:/program files (x86)/atmel/studio/7.0/toolchain/avr8/avr8-gnu-toolchain/bin/../lib/gcc/avr/5.4.0/avr5\libgcc.a(_muluhisi3.o)
                              c:/program files (x86)/atmel/studio/7.0/toolchain/avr8/avr8-gnu-toolchain/bin/../lib/gcc/avr/5.4.0/avr5\libgcc.a(_mulsi3.o) (__muluhisi3)
c:/program files (x86)/atmel/studio/7.0/toolchain/avr8/avr8-gnu-toolchain/bin/../lib/gcc/avr/5.4.0/avr5\libgcc.a(_mulshisi3.o)
                              APP/APP.o (__mulshisi3)
c:/program files (x86)/atmel/studio/7.0/toolchain/avr8/avr8-gnu-toolchain/bin/../lib/gcc/avr/5.4.0/avr5\libgcc.a(_udivmodhi4.o)
                              c:/program files (x86)/atmel/studio/7.0/toolchain/avr8/avr8-gnu-toolchain/bin/../lib/gcc/avr/5.4.0/avr5\libgcc.a(_divmodhi4.o) (__udivmodhi4)

Allocating common symbols
Common symbol       size              file

BalanceBuffer       0x8               APP/APP.o
TerminalBuffer      0x14              APP/APP.o
U8_Transmit_UDR     0x1               MCAL/UART/uart.o
strDio_pins         0x4               ECUAL/KEYPAD/keypad.o
Master_Configure_t  0x3               ECUAL/EEPROM/EEPROM.o
CustomerData        0x13              APP/APP.o
fAmount             0x4               APP/APP.o
AmountBuffer        0x8               APP/APP.o
Name_buffer         0xa               APP/APP.o
pCallBack           0x2               MCAL/SPI/spi.o
gu8_Vref            0x1               ECUAL/TEMPSENSOR/TempSensor.o
UserPass            0x4               APP/APP.o
CardReceivedBuffer  0x1c              APP/APP.o
PAN_buffer          0xa               APP/APP.o
ADC_CONFIG_STRUCT   0x7               ECUAL/TEMPSENSOR/TempSensor.o
PIN_buffer          0x5               APP/APP.o
MAXamountBuffer     0x8               APP/APP.o
U8_Receive_UDR      0x2               MCAL/UART/uart.o
fBalance            0x4               APP/APP.o
pu8_uartReceiveData
                    0x2               APP/APP.o
u8_MaxamountState   0x1               APP/APP.o
ATM_State           0x1               APP/APP.o
Command             0x6               APP/APP.o

Discarded input sections

 .data          0x00000000        0x0 C:/Program Files (x86)/Atmel/Studio/7.0/Packs/atmel/ATmega_DFP/1.3.300/gcc/dev/atmega32/avr5/crtatmega32.o
 .bss           0x00000000        0x0 C:/Program Files (x86)/Atmel/Studio/7.0/Packs/atmel/ATmega_DFP/1.3.300/gcc/dev/atmega32/avr5/crtatmega32.o
 .text          0x00000000        0x0 APP/APP.o
 .data          0x00000000        0x0 APP/APP.o
 .bss           0x00000000        0x0 APP/APP.o
 .text          0x00000000        0x0 ECUAL/EEPROM/EEPROM.o
 .data          0x00000000        0x0 ECUAL/EEPROM/EEPROM.o
 .bss           0x00000000        0x0 ECUAL/EEPROM/EEPROM.o
 .text          0x00000000        0x0 ECUAL/KEYPAD/keypad.o
 .data          0x00000000        0x0 ECUAL/KEYPAD/keypad.o
 .bss           0x00000000        0x0 ECUAL/KEYPAD/keypad.o
 .text          0x00000000        0x0 ECUAL/LCD/LCD.o
 .data          0x00000000        0x0 ECUAL/LCD/LCD.o
 .bss           0x00000000        0x0 ECUAL/LCD/LCD.o
 .text.power    0x00000000       0x2e ECUAL/LCD/LCD.o
 .text.LCD_DisplayFloat
                0x00000000       0x68 ECUAL/LCD/LCD.o
 .text          0x00000000        0x0 ECUAL/MOTORS/Motors.o
 .data          0x00000000        0x0 ECUAL/MOTORS/Motors.o
 .bss           0x00000000        0x0 ECUAL/MOTORS/Motors.o
 .text          0x00000000        0x0 ECUAL/TEMPSENSOR/TempSensor.o
 .data          0x00000000        0x0 ECUAL/TEMPSENSOR/TempSensor.o
 .bss           0x00000000        0x0 ECUAL/TEMPSENSOR/TempSensor.o
 .text          0x00000000        0x0 main.o
 .data          0x00000000        0x0 main.o
 .bss           0x00000000        0x0 main.o
 .text          0x00000000        0x0 MCAL/ADC/ADC.o
 .data          0x00000000        0x0 MCAL/ADC/ADC.o
 .bss           0x00000000        0x0 MCAL/ADC/ADC.o
 .text.ADC_enable
                0x00000000        0x4 MCAL/ADC/ADC.o
 .text.ADC_disable
                0x00000000        0x4 MCAL/ADC/ADC.o
 .text          0x00000000        0x0 MCAL/DIO/DIO.o
 .data          0x00000000        0x0 MCAL/DIO/DIO.o
 .bss           0x00000000        0x0 MCAL/DIO/DIO.o
 .text.Dio_togglePin
                0x00000000       0x68 MCAL/DIO/DIO.o
 .text.Dio_SetPinDirection
                0x00000000       0xda MCAL/DIO/DIO.o
 .text          0x00000000        0x0 MCAL/I2C/i2c.o
 .data          0x00000000        0x0 MCAL/I2C/i2c.o
 .bss           0x00000000        0x0 MCAL/I2C/i2c.o
 .text.MCAL_I2CSlaveInit
                0x00000000        0xa MCAL/I2C/i2c.o
 .text.MCAL_I2CMasterReadsendACK
                0x00000000       0x26 MCAL/I2C/i2c.o
 .text.MCAL_I2CSlaveListen
                0x00000000       0x38 MCAL/I2C/i2c.o
 .text.MCAL_I2CSlaveTransmit
                0x00000000       0x42 MCAL/I2C/i2c.o
 .text.MCAL_I2CSlaveReceive
                0x00000000       0x38 MCAL/I2C/i2c.o
 .text          0x00000000        0x0 MCAL/INTERRUPTS/interrupts.o
 .data          0x00000000        0x0 MCAL/INTERRUPTS/interrupts.o
 .bss           0x00000000        0x0 MCAL/INTERRUPTS/interrupts.o
 .text          0x00000000        0x0 MCAL/SPI/spi.o
 .data          0x00000000        0x0 MCAL/SPI/spi.o
 .bss           0x00000000        0x0 MCAL/SPI/spi.o
 .text.MCAL_SPIMasterTXRX
                0x00000000       0x26 MCAL/SPI/spi.o
 .text.MCAL_SPISlaveTXRX
                0x00000000       0x12 MCAL/SPI/spi.o
 .text.MCAL_SPIMasterTrans_String
                0x00000000       0x66 MCAL/SPI/spi.o
 .text.MCAL_SPIMasterReceive_String
                0x00000000       0x68 MCAL/SPI/spi.o
 .text.MCAL_SPISlaveTrans_String
                0x00000000       0x6a MCAL/SPI/spi.o
 .text.MCAL_SPISlaveReceive_String
                0x00000000       0x56 MCAL/SPI/spi.o
 .text.MCAL_SPI_EnableInterrupts
                0x00000000        0xa MCAL/SPI/spi.o
 .text.MCAL_SPISlaveINTDriven
                0x00000000       0x1a MCAL/SPI/spi.o
 .text.MCAL_SPISlaveTrans
                0x00000000       0x1c MCAL/SPI/spi.o
 .text          0x00000000        0x0 MCAL/TIMER/timer.o
 .data          0x00000000        0x0 MCAL/TIMER/timer.o
 .bss           0x00000000        0x0 MCAL/TIMER/timer.o
 .text.GptStart_aSync
                0x00000000       0x86 MCAL/TIMER/timer.o
 .text.GptStop  0x00000000       0x2e MCAL/TIMER/timer.o
 .text          0x00000000        0x0 MCAL/TIMER/timer_Cfg.o
 .data          0x00000000        0x0 MCAL/TIMER/timer_Cfg.o
 .bss           0x00000000        0x0 MCAL/TIMER/timer_Cfg.o
 .text          0x00000000        0x0 MCAL/UART/uart.o
 .data          0x00000000        0x0 MCAL/UART/uart.o
 .bss           0x00000000        0x0 MCAL/UART/uart.o
 .text.USART_Transmit_Packet
                0x00000000       0x34 MCAL/UART/uart.o
 .text.USART_receive_Packet
                0x00000000       0x34 MCAL/UART/uart.o
 .text.USART_TxInterruptEnable
                0x00000000        0x6 MCAL/UART/uart.o
 .text.USART_TxInterruptDisable
                0x00000000        0x6 MCAL/UART/uart.o
 .text.USART_UDRInterruptEnable
                0x00000000        0x6 MCAL/UART/uart.o
 .text.USART_Transmit_INTDriven
                0x00000000       0x20 MCAL/UART/uart.o
 .text.USART_TX_Enable
                0x00000000        0x6 MCAL/UART/uart.o
 .text.USART_TX_Disable
                0x00000000        0x6 MCAL/UART/uart.o
 .text.USART_RX_Enable
                0x00000000        0x6 MCAL/UART/uart.o
 .text.USART_RX_Disable
                0x00000000        0x6 MCAL/UART/uart.o
 .text          0x00000000        0x0 c:/program files (x86)/atmel/studio/7.0/toolchain/avr8/avr8-gnu-toolchain/bin/../lib/gcc/avr/5.4.0/../../../../avr/lib/avr5\libm.a(addsf3.o)
 .data          0x00000000        0x0 c:/program files (x86)/atmel/studio/7.0/toolchain/avr8/avr8-gnu-toolchain/bin/../lib/gcc/avr/5.4.0/../../../../avr/lib/avr5\libm.a(addsf3.o)
 .bss           0x00000000        0x0 c:/program files (x86)/atmel/studio/7.0/toolchain/avr8/avr8-gnu-toolchain/bin/../lib/gcc/avr/5.4.0/../../../../avr/lib/avr5\libm.a(addsf3.o)
 .text          0x00000000        0x0 c:/program files (x86)/atmel/studio/7.0/toolchain/avr8/avr8-gnu-toolchain/bin/../lib/gcc/avr/5.4.0/../../../../avr/lib/avr5\libm.a(addsf3x.o)
 .data          0x00000000        0x0 c:/program files (x86)/atmel/studio/7.0/toolchain/avr8/avr8-gnu-toolchain/bin/../lib/gcc/avr/5.4.0/../../../../avr/lib/avr5\libm.a(addsf3x.o)
 .bss           0x00000000        0x0 c:/program files (x86)/atmel/studio/7.0/toolchain/avr8/avr8-gnu-toolchain/bin/../lib/gcc/avr/5.4.0/../../../../avr/lib/avr5\libm.a(addsf3x.o)
 .text          0x00000000        0x0 c:/program files (x86)/atmel/studio/7.0/toolchain/avr8/avr8-gnu-toolchain/bin/../lib/gcc/avr/5.4.0/../../../../avr/lib/avr5\libm.a(cmpsf2.o)
 .data          0x00000000        0x0 c:/program files (x86)/atmel/studio/7.0/toolchain/avr8/avr8-gnu-toolchain/bin/../lib/gcc/avr/5.4.0/../../../../avr/lib/avr5\libm.a(cmpsf2.o)
 .bss           0x00000000        0x0 c:/program files (x86)/atmel/studio/7.0/toolchain/avr8/avr8-gnu-toolchain/bin/../lib/gcc/avr/5.4.0/../../../../avr/lib/avr5\libm.a(cmpsf2.o)
 .text          0x00000000        0x0 c:/program files (x86)/atmel/studio/7.0/toolchain/avr8/avr8-gnu-toolchain/bin/../lib/gcc/avr/5.4.0/../../../../avr/lib/avr5\libm.a(divsf3.o)
 .data          0x00000000        0x0 c:/program files (x86)/atmel/studio/7.0/toolchain/avr8/avr8-gnu-toolchain/bin/../lib/gcc/avr/5.4.0/../../../../avr/lib/avr5\libm.a(divsf3.o)
 .bss           0x00000000        0x0 c:/program files (x86)/atmel/studio/7.0/toolchain/avr8/avr8-gnu-toolchain/bin/../lib/gcc/avr/5.4.0/../../../../avr/lib/avr5\libm.a(divsf3.o)
 .text          0x00000000        0x0 c:/program files (x86)/atmel/studio/7.0/toolchain/avr8/avr8-gnu-toolchain/bin/../lib/gcc/avr/5.4.0/../../../../avr/lib/avr5\libm.a(divsf3x.o)
 .data          0x00000000        0x0 c:/program files (x86)/atmel/studio/7.0/toolchain/avr8/avr8-gnu-toolchain/bin/../lib/gcc/avr/5.4.0/../../../../avr/lib/avr5\libm.a(divsf3x.o)
 .bss           0x00000000        0x0 c:/program files (x86)/atmel/studio/7.0/toolchain/avr8/avr8-gnu-toolchain/bin/../lib/gcc/avr/5.4.0/../../../../avr/lib/avr5\libm.a(divsf3x.o)
 .text          0x00000000        0x0 c:/program files (x86)/atmel/studio/7.0/toolchain/avr8/avr8-gnu-toolchain/bin/../lib/gcc/avr/5.4.0/../../../../avr/lib/avr5\libm.a(fixsfsi.o)
 .data          0x00000000        0x0 c:/program files (x86)/atmel/studio/7.0/toolchain/avr8/avr8-gnu-toolchain/bin/../lib/gcc/avr/5.4.0/../../../../avr/lib/avr5\libm.a(fixsfsi.o)
 .bss           0x00000000        0x0 c:/program files (x86)/atmel/studio/7.0/toolchain/avr8/avr8-gnu-toolchain/bin/../lib/gcc/avr/5.4.0/../../../../avr/lib/avr5\libm.a(fixsfsi.o)
 .text          0x00000000        0x0 c:/program files (x86)/atmel/studio/7.0/toolchain/avr8/avr8-gnu-toolchain/bin/../lib/gcc/avr/5.4.0/../../../../avr/lib/avr5\libm.a(fixunssfsi.o)
 .data          0x00000000        0x0 c:/program files (x86)/atmel/studio/7.0/toolchain/avr8/avr8-gnu-toolchain/bin/../lib/gcc/avr/5.4.0/../../../../avr/lib/avr5\libm.a(fixunssfsi.o)
 .bss           0x00000000        0x0 c:/program files (x86)/atmel/studio/7.0/toolchain/avr8/avr8-gnu-toolchain/bin/../lib/gcc/avr/5.4.0/../../../../avr/lib/avr5\libm.a(fixunssfsi.o)
 .text          0x00000000        0x0 c:/program files (x86)/atmel/studio/7.0/toolchain/avr8/avr8-gnu-toolchain/bin/../lib/gcc/avr/5.4.0/../../../../avr/lib/avr5\libm.a(floatsisf.o)
 .data          0x00000000        0x0 c:/program files (x86)/atmel/studio/7.0/toolchain/avr8/avr8-gnu-toolchain/bin/../lib/gcc/avr/5.4.0/../../../../avr/lib/avr5\libm.a(floatsisf.o)
 .bss           0x00000000        0x0 c:/program files (x86)/atmel/studio/7.0/toolchain/avr8/avr8-gnu-toolchain/bin/../lib/gcc/avr/5.4.0/../../../../avr/lib/avr5\libm.a(floatsisf.o)
 .text          0x00000000        0x0 c:/program files (x86)/atmel/studio/7.0/toolchain/avr8/avr8-gnu-toolchain/bin/../lib/gcc/avr/5.4.0/../../../../avr/lib/avr5\libm.a(fp_cmp.o)
 .data          0x00000000        0x0 c:/program files (x86)/atmel/studio/7.0/toolchain/avr8/avr8-gnu-toolchain/bin/../lib/gcc/avr/5.4.0/../../../../avr/lib/avr5\libm.a(fp_cmp.o)
 .bss           0x00000000        0x0 c:/program files (x86)/atmel/studio/7.0/toolchain/avr8/avr8-gnu-toolchain/bin/../lib/gcc/avr/5.4.0/../../../../avr/lib/avr5\libm.a(fp_cmp.o)
 .text          0x00000000        0x0 c:/program files (x86)/atmel/studio/7.0/toolchain/avr8/avr8-gnu-toolchain/bin/../lib/gcc/avr/5.4.0/../../../../avr/lib/avr5\libm.a(fp_inf.o)
 .data          0x00000000        0x0 c:/program files (x86)/atmel/studio/7.0/toolchain/avr8/avr8-gnu-toolchain/bin/../lib/gcc/avr/5.4.0/../../../../avr/lib/avr5\libm.a(fp_inf.o)
 .bss           0x00000000        0x0 c:/program files (x86)/atmel/studio/7.0/toolchain/avr8/avr8-gnu-toolchain/bin/../lib/gcc/avr/5.4.0/../../../../avr/lib/avr5\libm.a(fp_inf.o)
 .text          0x00000000        0x0 c:/program files (x86)/atmel/studio/7.0/toolchain/avr8/avr8-gnu-toolchain/bin/../lib/gcc/avr/5.4.0/../../../../avr/lib/avr5\libm.a(fp_nan.o)
 .data          0x00000000        0x0 c:/program files (x86)/atmel/studio/7.0/toolchain/avr8/avr8-gnu-toolchain/bin/../lib/gcc/avr/5.4.0/../../../../avr/lib/avr5\libm.a(fp_nan.o)
 .bss           0x00000000        0x0 c:/program files (x86)/atmel/studio/7.0/toolchain/avr8/avr8-gnu-toolchain/bin/../lib/gcc/avr/5.4.0/../../../../avr/lib/avr5\libm.a(fp_nan.o)
 .text          0x00000000        0x0 c:/program files (x86)/atmel/studio/7.0/toolchain/avr8/avr8-gnu-toolchain/bin/../lib/gcc/avr/5.4.0/../../../../avr/lib/avr5\libm.a(fp_pscA.o)
 .data          0x00000000        0x0 c:/program files (x86)/atmel/studio/7.0/toolchain/avr8/avr8-gnu-toolchain/bin/../lib/gcc/avr/5.4.0/../../../../avr/lib/avr5\libm.a(fp_pscA.o)
 .bss           0x00000000        0x0 c:/program files (x86)/atmel/studio/7.0/toolchain/avr8/avr8-gnu-toolchain/bin/../lib/gcc/avr/5.4.0/../../../../avr/lib/avr5\libm.a(fp_pscA.o)
 .text          0x00000000        0x0 c:/program files (x86)/atmel/studio/7.0/toolchain/avr8/avr8-gnu-toolchain/bin/../lib/gcc/avr/5.4.0/../../../../avr/lib/avr5\libm.a(fp_pscB.o)
 .data          0x00000000        0x0 c:/program files (x86)/atmel/studio/7.0/toolchain/avr8/avr8-gnu-toolchain/bin/../lib/gcc/avr/5.4.0/../../../../avr/lib/avr5\libm.a(fp_pscB.o)
 .bss           0x00000000        0x0 c:/program files (x86)/atmel/studio/7.0/toolchain/avr8/avr8-gnu-toolchain/bin/../lib/gcc/avr/5.4.0/../../../../avr/lib/avr5\libm.a(fp_pscB.o)
 .text          0x00000000        0x0 c:/program files (x86)/atmel/studio/7.0/toolchain/avr8/avr8-gnu-toolchain/bin/../lib/gcc/avr/5.4.0/../../../../avr/lib/avr5\libm.a(fp_round.o)
 .data          0x00000000        0x0 c:/program files (x86)/atmel/studio/7.0/toolchain/avr8/avr8-gnu-toolchain/bin/../lib/gcc/avr/5.4.0/../../../../avr/lib/avr5\libm.a(fp_round.o)
 .bss           0x00000000        0x0 c:/program files (x86)/atmel/studio/7.0/toolchain/avr8/avr8-gnu-toolchain/bin/../lib/gcc/avr/5.4.0/../../../../avr/lib/avr5\libm.a(fp_round.o)
 .text          0x00000000        0x0 c:/program files (x86)/atmel/studio/7.0/toolchain/avr8/avr8-gnu-toolchain/bin/../lib/gcc/avr/5.4.0/../../../../avr/lib/avr5\libm.a(fp_split3.o)
 .data          0x00000000        0x0 c:/program files (x86)/atmel/studio/7.0/toolchain/avr8/avr8-gnu-toolchain/bin/../lib/gcc/avr/5.4.0/../../../../avr/lib/avr5\libm.a(fp_split3.o)
 .bss           0x00000000        0x0 c:/program files (x86)/atmel/studio/7.0/toolchain/avr8/avr8-gnu-toolchain/bin/../lib/gcc/avr/5.4.0/../../../../avr/lib/avr5\libm.a(fp_split3.o)
 .text          0x00000000        0x0 c:/program files (x86)/atmel/studio/7.0/toolchain/avr8/avr8-gnu-toolchain/bin/../lib/gcc/avr/5.4.0/../../../../avr/lib/avr5\libm.a(fp_zero.o)
 .data          0x00000000        0x0 c:/program files (x86)/atmel/studio/7.0/toolchain/avr8/avr8-gnu-toolchain/bin/../lib/gcc/avr/5.4.0/../../../../avr/lib/avr5\libm.a(fp_zero.o)
 .bss           0x00000000        0x0 c:/program files (x86)/atmel/studio/7.0/toolchain/avr8/avr8-gnu-toolchain/bin/../lib/gcc/avr/5.4.0/../../../../avr/lib/avr5\libm.a(fp_zero.o)
 .text          0x00000000        0x0 c:/program files (x86)/atmel/studio/7.0/toolchain/avr8/avr8-gnu-toolchain/bin/../lib/gcc/avr/5.4.0/../../../../avr/lib/avr5\libm.a(gesf2.o)
 .data          0x00000000        0x0 c:/program files (x86)/atmel/studio/7.0/toolchain/avr8/avr8-gnu-toolchain/bin/../lib/gcc/avr/5.4.0/../../../../avr/lib/avr5\libm.a(gesf2.o)
 .bss           0x00000000        0x0 c:/program files (x86)/atmel/studio/7.0/toolchain/avr8/avr8-gnu-toolchain/bin/../lib/gcc/avr/5.4.0/../../../../avr/lib/avr5\libm.a(gesf2.o)
 .text          0x00000000        0x0 c:/program files (x86)/atmel/studio/7.0/toolchain/avr8/avr8-gnu-toolchain/bin/../lib/gcc/avr/5.4.0/../../../../avr/lib/avr5\libm.a(mulsf3.o)
 .data          0x00000000        0x0 c:/program files (x86)/atmel/studio/7.0/toolchain/avr8/avr8-gnu-toolchain/bin/../lib/gcc/avr/5.4.0/../../../../avr/lib/avr5\libm.a(mulsf3.o)
 .bss           0x00000000        0x0 c:/program files (x86)/atmel/studio/7.0/toolchain/avr8/avr8-gnu-toolchain/bin/../lib/gcc/avr/5.4.0/../../../../avr/lib/avr5\libm.a(mulsf3.o)
 .text          0x00000000        0x0 c:/program files (x86)/atmel/studio/7.0/toolchain/avr8/avr8-gnu-toolchain/bin/../lib/gcc/avr/5.4.0/../../../../avr/lib/avr5\libm.a(mulsf3x.o)
 .data          0x00000000        0x0 c:/program files (x86)/atmel/studio/7.0/toolchain/avr8/avr8-gnu-toolchain/bin/../lib/gcc/avr/5.4.0/../../../../avr/lib/avr5\libm.a(mulsf3x.o)
 .bss           0x00000000        0x0 c:/program files (x86)/atmel/studio/7.0/toolchain/avr8/avr8-gnu-toolchain/bin/../lib/gcc/avr/5.4.0/../../../../avr/lib/avr5\libm.a(mulsf3x.o)
 .text          0x00000000        0x0 c:/program files (x86)/atmel/studio/7.0/toolchain/avr8/avr8-gnu-toolchain/bin/../lib/gcc/avr/5.4.0/avr5\libgcc.a(_mulsi3.o)
 .data          0x00000000        0x0 c:/program files (x86)/atmel/studio/7.0/toolchain/avr8/avr8-gnu-toolchain/bin/../lib/gcc/avr/5.4.0/avr5\libgcc.a(_mulsi3.o)
 .bss           0x00000000        0x0 c:/program files (x86)/atmel/studio/7.0/toolchain/avr8/avr8-gnu-toolchain/bin/../lib/gcc/avr/5.4.0/avr5\libgcc.a(_mulsi3.o)
 .text.libgcc.div
                0x00000000        0x0 c:/program files (x86)/atmel/studio/7.0/toolchain/avr8/avr8-gnu-toolchain/bin/../lib/gcc/avr/5.4.0/avr5\libgcc.a(_mulsi3.o)
 .text.libgcc   0x00000000        0x0 c:/program files (x86)/atmel/studio/7.0/toolchain/avr8/avr8-gnu-toolchain/bin/../lib/gcc/avr/5.4.0/avr5\libgcc.a(_mulsi3.o)
 .text.libgcc.prologue
                0x00000000        0x0 c:/program files (x86)/atmel/studio/7.0/toolchain/avr8/avr8-gnu-toolchain/bin/../lib/gcc/avr/5.4.0/avr5\libgcc.a(_mulsi3.o)
 .text.libgcc.builtins
                0x00000000        0x0 c:/program files (x86)/atmel/studio/7.0/toolchain/avr8/avr8-gnu-toolchain/bin/../lib/gcc/avr/5.4.0/avr5\libgcc.a(_mulsi3.o)
 .text.libgcc.fmul
                0x00000000        0x0 c:/program files (x86)/atmel/studio/7.0/toolchain/avr8/avr8-gnu-toolchain/bin/../lib/gcc/avr/5.4.0/avr5\libgcc.a(_mulsi3.o)
 .text.libgcc.fixed
                0x00000000        0x0 c:/program files (x86)/atmel/studio/7.0/toolchain/avr8/avr8-gnu-toolchain/bin/../lib/gcc/avr/5.4.0/avr5\libgcc.a(_mulsi3.o)
 .text          0x00000000        0x0 c:/program files (x86)/atmel/studio/7.0/toolchain/avr8/avr8-gnu-toolchain/bin/../lib/gcc/avr/5.4.0/avr5\libgcc.a(_divmodhi4.o)
 .data          0x00000000        0x0 c:/program files (x86)/atmel/studio/7.0/toolchain/avr8/avr8-gnu-toolchain/bin/../lib/gcc/avr/5.4.0/avr5\libgcc.a(_divmodhi4.o)
 .bss           0x00000000        0x0 c:/program files (x86)/atmel/studio/7.0/toolchain/avr8/avr8-gnu-toolchain/bin/../lib/gcc/avr/5.4.0/avr5\libgcc.a(_divmodhi4.o)
 .text.libgcc.mul
                0x00000000        0x0 c:/program files (x86)/atmel/studio/7.0/toolchain/avr8/avr8-gnu-toolchain/bin/../lib/gcc/avr/5.4.0/avr5\libgcc.a(_divmodhi4.o)
 .text.libgcc   0x00000000        0x0 c:/program files (x86)/atmel/studio/7.0/toolchain/avr8/avr8-gnu-toolchain/bin/../lib/gcc/avr/5.4.0/avr5\libgcc.a(_divmodhi4.o)
 .text.libgcc.prologue
                0x00000000        0x0 c:/program files (x86)/atmel/studio/7.0/toolchain/avr8/avr8-gnu-toolchain/bin/../lib/gcc/avr/5.4.0/avr5\libgcc.a(_divmodhi4.o)
 .text.libgcc.builtins
                0x00000000        0x0 c:/program files (x86)/atmel/studio/7.0/toolchain/avr8/avr8-gnu-toolchain/bin/../lib/gcc/avr/5.4.0/avr5\libgcc.a(_divmodhi4.o)
 .text.libgcc.fmul
                0x00000000        0x0 c:/program files (x86)/atmel/studio/7.0/toolchain/avr8/avr8-gnu-toolchain/bin/../lib/gcc/avr/5.4.0/avr5\libgcc.a(_divmodhi4.o)
 .text.libgcc.fixed
                0x00000000        0x0 c:/program files (x86)/atmel/studio/7.0/toolchain/avr8/avr8-gnu-toolchain/bin/../lib/gcc/avr/5.4.0/avr5\libgcc.a(_divmodhi4.o)
 .text          0x00000000        0x0 c:/program files (x86)/atmel/studio/7.0/toolchain/avr8/avr8-gnu-toolchain/bin/../lib/gcc/avr/5.4.0/avr5\libgcc.a(_udivmodsi4.o)
 .data          0x00000000        0x0 c:/program files (x86)/atmel/studio/7.0/toolchain/avr8/avr8-gnu-toolchain/bin/../lib/gcc/avr/5.4.0/avr5\libgcc.a(_udivmodsi4.o)
 .bss           0x00000000        0x0 c:/program files (x86)/atmel/studio/7.0/toolchain/avr8/avr8-gnu-toolchain/bin/../lib/gcc/avr/5.4.0/avr5\libgcc.a(_udivmodsi4.o)
 .text.libgcc.mul
                0x00000000        0x0 c:/program files (x86)/atmel/studio/7.0/toolchain/avr8/avr8-gnu-toolchain/bin/../lib/gcc/avr/5.4.0/avr5\libgcc.a(_udivmodsi4.o)
 .text.libgcc   0x00000000        0x0 c:/program files (x86)/atmel/studio/7.0/toolchain/avr8/avr8-gnu-toolchain/bin/../lib/gcc/avr/5.4.0/avr5\libgcc.a(_udivmodsi4.o)
 .text.libgcc.prologue
                0x00000000        0x0 c:/program files (x86)/atmel/studio/7.0/toolchain/avr8/avr8-gnu-toolchain/bin/../lib/gcc/avr/5.4.0/avr5\libgcc.a(_udivmodsi4.o)
 .text.libgcc.builtins
                0x00000000        0x0 c:/program files (x86)/atmel/studio/7.0/toolchain/avr8/avr8-gnu-toolchain/bin/../lib/gcc/avr/5.4.0/avr5\libgcc.a(_udivmodsi4.o)
 .text.libgcc.fmul
                0x00000000        0x0 c:/program files (x86)/atmel/studio/7.0/toolchain/avr8/avr8-gnu-toolchain/bin/../lib/gcc/avr/5.4.0/avr5\libgcc.a(_udivmodsi4.o)
 .text.libgcc.fixed
                0x00000000        0x0 c:/program files (x86)/atmel/studio/7.0/toolchain/avr8/avr8-gnu-toolchain/bin/../lib/gcc/avr/5.4.0/avr5\libgcc.a(_udivmodsi4.o)
 .text          0x00000000        0x0 c:/program files (x86)/atmel/studio/7.0/toolchain/avr8/avr8-gnu-toolchain/bin/../lib/gcc/avr/5.4.0/avr5\libgcc.a(_exit.o)
 .data          0x00000000        0x0 c:/program files (x86)/atmel/studio/7.0/toolchain/avr8/avr8-gnu-toolchain/bin/../lib/gcc/avr/5.4.0/avr5\libgcc.a(_exit.o)
 .bss           0x00000000        0x0 c:/program files (x86)/atmel/studio/7.0/toolchain/avr8/avr8-gnu-toolchain/bin/../lib/gcc/avr/5.4.0/avr5\libgcc.a(_exit.o)
 .text.libgcc.mul
                0x00000000        0x0 c:/program files (x86)/atmel/studio/7.0/toolchain/avr8/avr8-gnu-toolchain/bin/../lib/gcc/avr/5.4.0/avr5\libgcc.a(_exit.o)
 .text.libgcc.div
                0x00000000        0x0 c:/program files (x86)/atmel/studio/7.0/toolchain/avr8/avr8-gnu-toolchain/bin/../lib/gcc/avr/5.4.0/avr5\libgcc.a(_exit.o)
 .text.libgcc   0x00000000        0x0 c:/program files (x86)/atmel/studio/7.0/toolchain/avr8/avr8-gnu-toolchain/bin/../lib/gcc/avr/5.4.0/avr5\libgcc.a(_exit.o)
 .text.libgcc.prologue
                0x00000000        0x0 c:/program files (x86)/atmel/studio/7.0/toolchain/avr8/avr8-gnu-toolchain/bin/../lib/gcc/avr/5.4.0/avr5\libgcc.a(_exit.o)
 .text.libgcc.builtins
                0x00000000        0x0 c:/program files (x86)/atmel/studio/7.0/toolchain/avr8/avr8-gnu-toolchain/bin/../lib/gcc/avr/5.4.0/avr5\libgcc.a(_exit.o)
 .text.libgcc.fmul
                0x00000000        0x0 c:/program files (x86)/atmel/studio/7.0/toolchain/avr8/avr8-gnu-toolchain/bin/../lib/gcc/avr/5.4.0/avr5\libgcc.a(_exit.o)
 .text.libgcc.fixed
                0x00000000        0x0 c:/program files (x86)/atmel/studio/7.0/toolchain/avr8/avr8-gnu-toolchain/bin/../lib/gcc/avr/5.4.0/avr5\libgcc.a(_exit.o)
 .text          0x00000000        0x0 c:/program files (x86)/atmel/studio/7.0/toolchain/avr8/avr8-gnu-toolchain/bin/../lib/gcc/avr/5.4.0/avr5\libgcc.a(_copy_data.o)
 .data          0x00000000        0x0 c:/program files (x86)/atmel/studio/7.0/toolchain/avr8/avr8-gnu-toolchain/bin/../lib/gcc/avr/5.4.0/avr5\libgcc.a(_copy_data.o)
 .bss           0x00000000        0x0 c:/program files (x86)/atmel/studio/7.0/toolchain/avr8/avr8-gnu-toolchain/bin/../lib/gcc/avr/5.4.0/avr5\libgcc.a(_copy_data.o)
 .text.libgcc.mul
                0x00000000        0x0 c:/program files (x86)/atmel/studio/7.0/toolchain/avr8/avr8-gnu-toolchain/bin/../lib/gcc/avr/5.4.0/avr5\libgcc.a(_copy_data.o)
 .text.libgcc.div
                0x00000000        0x0 c:/program files (x86)/atmel/studio/7.0/toolchain/avr8/avr8-gnu-toolchain/bin/../lib/gcc/avr/5.4.0/avr5\libgcc.a(_copy_data.o)
 .text.libgcc   0x00000000        0x0 c:/program files (x86)/atmel/studio/7.0/toolchain/avr8/avr8-gnu-toolchain/bin/../lib/gcc/avr/5.4.0/avr5\libgcc.a(_copy_data.o)
 .text.libgcc.prologue
                0x00000000        0x0 c:/program files (x86)/atmel/studio/7.0/toolchain/avr8/avr8-gnu-toolchain/bin/../lib/gcc/avr/5.4.0/avr5\libgcc.a(_copy_data.o)
 .text.libgcc.builtins
                0x00000000        0x0 c:/program files (x86)/atmel/studio/7.0/toolchain/avr8/avr8-gnu-toolchain/bin/../lib/gcc/avr/5.4.0/avr5\libgcc.a(_copy_data.o)
 .text.libgcc.fmul
                0x00000000        0x0 c:/program files (x86)/atmel/studio/7.0/toolchain/avr8/avr8-gnu-toolchain/bin/../lib/gcc/avr/5.4.0/avr5\libgcc.a(_copy_data.o)
 .text.libgcc.fixed
                0x00000000        0x0 c:/program files (x86)/atmel/studio/7.0/toolchain/avr8/avr8-gnu-toolchain/bin/../lib/gcc/avr/5.4.0/avr5\libgcc.a(_copy_data.o)
 .text          0x00000000        0x0 c:/program files (x86)/atmel/studio/7.0/toolchain/avr8/avr8-gnu-toolchain/bin/../lib/gcc/avr/5.4.0/avr5\libgcc.a(_clear_bss.o)
 .data          0x00000000        0x0 c:/program files (x86)/atmel/studio/7.0/toolchain/avr8/avr8-gnu-toolchain/bin/../lib/gcc/avr/5.4.0/avr5\libgcc.a(_clear_bss.o)
 .bss           0x00000000        0x0 c:/program files (x86)/atmel/studio/7.0/toolchain/avr8/avr8-gnu-toolchain/bin/../lib/gcc/avr/5.4.0/avr5\libgcc.a(_clear_bss.o)
 .text.libgcc.mul
                0x00000000        0x0 c:/program files (x86)/atmel/studio/7.0/toolchain/avr8/avr8-gnu-toolchain/bin/../lib/gcc/avr/5.4.0/avr5\libgcc.a(_clear_bss.o)
 .text.libgcc.div
                0x00000000        0x0 c:/program files (x86)/atmel/studio/7.0/toolchain/avr8/avr8-gnu-toolchain/bin/../lib/gcc/avr/5.4.0/avr5\libgcc.a(_clear_bss.o)
 .text.libgcc   0x00000000        0x0 c:/program files (x86)/atmel/studio/7.0/toolchain/avr8/avr8-gnu-toolchain/bin/../lib/gcc/avr/5.4.0/avr5\libgcc.a(_clear_bss.o)
 .text.libgcc.prologue
                0x00000000        0x0 c:/program files (x86)/atmel/studio/7.0/toolchain/avr8/avr8-gnu-toolchain/bin/../lib/gcc/avr/5.4.0/avr5\libgcc.a(_clear_bss.o)
 .text.libgcc.builtins
                0x00000000        0x0 c:/program files (x86)/atmel/studio/7.0/toolchain/avr8/avr8-gnu-toolchain/bin/../lib/gcc/avr/5.4.0/avr5\libgcc.a(_clear_bss.o)
 .text.libgcc.fmul
                0x00000000        0x0 c:/program files (x86)/atmel/studio/7.0/toolchain/avr8/avr8-gnu-toolchain/bin/../lib/gcc/avr/5.4.0/avr5\libgcc.a(_clear_bss.o)
 .text.libgcc.fixed
                0x00000000        0x0 c:/program files (x86)/atmel/studio/7.0/toolchain/avr8/avr8-gnu-toolchain/bin/../lib/gcc/avr/5.4.0/avr5\libgcc.a(_clear_bss.o)
 .text          0x00000000        0x0 c:/program files (x86)/atmel/studio/7.0/toolchain/avr8/avr8-gnu-toolchain/bin/../lib/gcc/avr/5.4.0/avr5\libgcc.a(_umulhisi3.o)
 .data          0x00000000        0x0 c:/program files (x86)/atmel/studio/7.0/toolchain/avr8/avr8-gnu-toolchain/bin/../lib/gcc/avr/5.4.0/avr5\libgcc.a(_umulhisi3.o)
 .bss           0x00000000        0x0 c:/program files (x86)/atmel/studio/7.0/toolchain/avr8/avr8-gnu-toolchain/bin/../lib/gcc/avr/5.4.0/avr5\libgcc.a(_umulhisi3.o)
 .text.libgcc.div
                0x00000000        0x0 c:/program files (x86)/atmel/studio/7.0/toolchain/avr8/avr8-gnu-toolchain/bin/../lib/gcc/avr/5.4.0/avr5\libgcc.a(_umulhisi3.o)
 .text.libgcc   0x00000000        0x0 c:/program files (x86)/atmel/studio/7.0/toolchain/avr8/avr8-gnu-toolchain/bin/../lib/gcc/avr/5.4.0/avr5\libgcc.a(_umulhisi3.o)
 .text.libgcc.prologue
                0x00000000        0x0 c:/program files (x86)/atmel/studio/7.0/toolchain/avr8/avr8-gnu-toolchain/bin/../lib/gcc/avr/5.4.0/avr5\libgcc.a(_umulhisi3.o)
 .text.libgcc.builtins
                0x00000000        0x0 c:/program files (x86)/atmel/studio/7.0/toolchain/avr8/avr8-gnu-toolchain/bin/../lib/gcc/avr/5.4.0/avr5\libgcc.a(_umulhisi3.o)
 .text.libgcc.fmul
                0x00000000        0x0 c:/program files (x86)/atmel/studio/7.0/toolchain/avr8/avr8-gnu-toolchain/bin/../lib/gcc/avr/5.4.0/avr5\libgcc.a(_umulhisi3.o)
 .text.libgcc.fixed
                0x00000000        0x0 c:/program files (x86)/atmel/studio/7.0/toolchain/avr8/avr8-gnu-toolchain/bin/../lib/gcc/avr/5.4.0/avr5\libgcc.a(_umulhisi3.o)
 .text          0x00000000        0x0 c:/program files (x86)/atmel/studio/7.0/toolchain/avr8/avr8-gnu-toolchain/bin/../lib/gcc/avr/5.4.0/avr5\libgcc.a(_muluhisi3.o)
 .data          0x00000000        0x0 c:/program files (x86)/atmel/studio/7.0/toolchain/avr8/avr8-gnu-toolchain/bin/../lib/gcc/avr/5.4.0/avr5\libgcc.a(_muluhisi3.o)
 .bss           0x00000000        0x0 c:/program files (x86)/atmel/studio/7.0/toolchain/avr8/avr8-gnu-toolchain/bin/../lib/gcc/avr/5.4.0/avr5\libgcc.a(_muluhisi3.o)
 .text.libgcc.div
                0x00000000        0x0 c:/program files (x86)/atmel/studio/7.0/toolchain/avr8/avr8-gnu-toolchain/bin/../lib/gcc/avr/5.4.0/avr5\libgcc.a(_muluhisi3.o)
 .text.libgcc   0x00000000        0x0 c:/program files (x86)/atmel/studio/7.0/toolchain/avr8/avr8-gnu-toolchain/bin/../lib/gcc/avr/5.4.0/avr5\libgcc.a(_muluhisi3.o)
 .text.libgcc.prologue
                0x00000000        0x0 c:/program files (x86)/atmel/studio/7.0/toolchain/avr8/avr8-gnu-toolchain/bin/../lib/gcc/avr/5.4.0/avr5\libgcc.a(_muluhisi3.o)
 .text.libgcc.builtins
                0x00000000        0x0 c:/program files (x86)/atmel/studio/7.0/toolchain/avr8/avr8-gnu-toolchain/bin/../lib/gcc/avr/5.4.0/avr5\libgcc.a(_muluhisi3.o)
 .text.libgcc.fmul
                0x00000000        0x0 c:/program files (x86)/atmel/studio/7.0/toolchain/avr8/avr8-gnu-toolchain/bin/../lib/gcc/avr/5.4.0/avr5\libgcc.a(_muluhisi3.o)
 .text.libgcc.fixed
                0x00000000        0x0 c:/program files (x86)/atmel/studio/7.0/toolchain/avr8/avr8-gnu-toolchain/bin/../lib/gcc/avr/5.4.0/avr5\libgcc.a(_muluhisi3.o)
 .text          0x00000000        0x0 c:/program files (x86)/atmel/studio/7.0/toolchain/avr8/avr8-gnu-toolchain/bin/../lib/gcc/avr/5.4.0/avr5\libgcc.a(_mulshisi3.o)
 .data          0x00000000        0x0 c:/program files (x86)/atmel/studio/7.0/toolchain/avr8/avr8-gnu-toolchain/bin/../lib/gcc/avr/5.4.0/avr5\libgcc.a(_mulshisi3.o)
 .bss           0x00000000        0x0 c:/program files (x86)/atmel/studio/7.0/toolchain/avr8/avr8-gnu-toolchain/bin/../lib/gcc/avr/5.4.0/avr5\libgcc.a(_mulshisi3.o)
 .text.libgcc.div
                0x00000000        0x0 c:/program files (x86)/atmel/studio/7.0/toolchain/avr8/avr8-gnu-toolchain/bin/../lib/gcc/avr/5.4.0/avr5\libgcc.a(_mulshisi3.o)
 .text.libgcc   0x00000000        0x0 c:/program files (x86)/atmel/studio/7.0/toolchain/avr8/avr8-gnu-toolchain/bin/../lib/gcc/avr/5.4.0/avr5\libgcc.a(_mulshisi3.o)
 .text.libgcc.prologue
                0x00000000        0x0 c:/program files (x86)/atmel/studio/7.0/toolchain/avr8/avr8-gnu-toolchain/bin/../lib/gcc/avr/5.4.0/avr5\libgcc.a(_mulshisi3.o)
 .text.libgcc.builtins
                0x00000000        0x0 c:/program files (x86)/atmel/studio/7.0/toolchain/avr8/avr8-gnu-toolchain/bin/../lib/gcc/avr/5.4.0/avr5\libgcc.a(_mulshisi3.o)
 .text.libgcc.fmul
                0x00000000        0x0 c:/program files (x86)/atmel/studio/7.0/toolchain/avr8/avr8-gnu-toolchain/bin/../lib/gcc/avr/5.4.0/avr5\libgcc.a(_mulshisi3.o)
 .text.libgcc.fixed
                0x00000000        0x0 c:/program files (x86)/atmel/studio/7.0/toolchain/avr8/avr8-gnu-toolchain/bin/../lib/gcc/avr/5.4.0/avr5\libgcc.a(_mulshisi3.o)
 .text          0x00000000        0x0 c:/program files (x86)/atmel/studio/7.0/toolchain/avr8/avr8-gnu-toolchain/bin/../lib/gcc/avr/5.4.0/avr5\libgcc.a(_udivmodhi4.o)
 .data          0x00000000        0x0 c:/program files (x86)/atmel/studio/7.0/toolchain/avr8/avr8-gnu-toolchain/bin/../lib/gcc/avr/5.4.0/avr5\libgcc.a(_udivmodhi4.o)
 .bss           0x00000000        0x0 c:/program files (x86)/atmel/studio/7.0/toolchain/avr8/avr8-gnu-toolchain/bin/../lib/gcc/avr/5.4.0/avr5\libgcc.a(_udivmodhi4.o)
 .text.libgcc.mul
                0x00000000        0x0 c:/program files (x86)/atmel/studio/7.0/toolchain/avr8/avr8-gnu-toolchain/bin/../lib/gcc/avr/5.4.0/avr5\libgcc.a(_udivmodhi4.o)
 .text.libgcc   0x00000000        0x0 c:/program files (x86)/atmel/studio/7.0/toolchain/avr8/avr8-gnu-toolchain/bin/../lib/gcc/avr/5.4.0/avr5\libgcc.a(_udivmodhi4.o)
 .text.libgcc.prologue
                0x00000000        0x0 c:/program files (x86)/atmel/studio/7.0/toolchain/avr8/avr8-gnu-toolchain/bin/../lib/gcc/avr/5.4.0/avr5\libgcc.a(_udivmodhi4.o)
 .text.libgcc.builtins
                0x00000000        0x0 c:/program files (x86)/atmel/studio/7.0/toolchain/avr8/avr8-gnu-toolchain/bin/../lib/gcc/avr/5.4.0/avr5\libgcc.a(_udivmodhi4.o)
 .text.libgcc.fmul
                0x00000000        0x0 c:/program files (x86)/atmel/studio/7.0/toolchain/avr8/avr8-gnu-toolchain/bin/../lib/gcc/avr/5.4.0/avr5\libgcc.a(_udivmodhi4.o)
 .text.libgcc.fixed
                0x00000000        0x0 c:/program files (x86)/atmel/studio/7.0/toolchain/avr8/avr8-gnu-toolchain/bin/../lib/gcc/avr/5.4.0/avr5\libgcc.a(_udivmodhi4.o)

Memory Configuration

Name             Origin             Length             Attributes
text             0x00000000         0x00020000         xr
data             0x00800060         0x0000ffa0         rw !x
eeprom           0x00810000         0x00010000         rw !x
fuse             0x00820000         0x00000002         rw !x
lock             0x00830000         0x00000400         rw !x
signature        0x00840000         0x00000400         rw !x
user_signatures  0x00850000         0x00000400         rw !x
*default*        0x00000000         0xffffffff

Linker script and memory map

LOAD C:/Program Files (x86)/Atmel/Studio/7.0/Packs/atmel/ATmega_DFP/1.3.300/gcc/dev/atmega32/avr5/crtatmega32.o
LOAD APP/APP.o
LOAD ECUAL/EEPROM/EEPROM.o
LOAD ECUAL/KEYPAD/keypad.o
LOAD ECUAL/LCD/LCD.o
LOAD ECUAL/MOTORS/Motors.o
LOAD ECUAL/TEMPSENSOR/TempSensor.o
LOAD main.o
LOAD MCAL/ADC/ADC.o
LOAD MCAL/DIO/DIO.o
LOAD MCAL/I2C/i2c.o
LOAD MCAL/INTERRUPTS/interrupts.o
LOAD MCAL/SPI/spi.o
LOAD MCAL/TIMER/timer.o
LOAD MCAL/TIMER/timer_Cfg.o
LOAD MCAL/UART/uart.o
START GROUP
LOAD c:/program files (x86)/atmel/studio/7.0/toolchain/avr8/avr8-gnu-toolchain/bin/../lib/gcc/avr/5.4.0/../../../../avr/lib/avr5\libm.a
END GROUP
START GROUP
LOAD c:/program files (x86)/atmel/studio/7.0/toolchain/avr8/avr8-gnu-toolchain/bin/../lib/gcc/avr/5.4.0/avr5\libgcc.a
LOAD c:/program files (x86)/atmel/studio/7.0/toolchain/avr8/avr8-gnu-toolchain/bin/../lib/gcc/avr/5.4.0/../../../../avr/lib/avr5\libm.a
LOAD c:/program files (x86)/atmel/studio/7.0/toolchain/avr8/avr8-gnu-toolchain/bin/../lib/gcc/avr/5.4.0/../../../../avr/lib/avr5\libc.a
LOAD C:/Program Files (x86)/Atmel/Studio/7.0/Packs/atmel/ATmega_DFP/1.3.300/gcc/dev/atmega32/avr5\libatmega32.a
END GROUP
                0x00000000                __TEXT_REGION_ORIGIN__ = DEFINED (__TEXT_REGION_ORIGIN__)?__TEXT_REGION_ORIGIN__:0x0
                0x00800060                __DATA_REGION_ORIGIN__ = DEFINED (__DATA_REGION_ORIGIN__)?__DATA_REGION_ORIGIN__:0x800060
                0x00020000                __TEXT_REGION_LENGTH__ = DEFINED (__TEXT_REGION_LENGTH__)?__TEXT_REGION_LENGTH__:0x20000
                0x0000ffa0                __DATA_REGION_LENGTH__ = DEFINED (__DATA_REGION_LENGTH__)?__DATA_REGION_LENGTH__:0xffa0
                0x00010000                __EEPROM_REGION_LENGTH__ = DEFINED (__EEPROM_REGION_LENGTH__)?__EEPROM_REGION_LENGTH__:0x10000
                [0x00000002]                __FUSE_REGION_LENGTH__ = DEFINED (__FUSE_REGION_LENGTH__)?__FUSE_REGION_LENGTH__:0x400
                0x00000400                __LOCK_REGION_LENGTH__ = DEFINED (__LOCK_REGION_LENGTH__)?__LOCK_REGION_LENGTH__:0x400
                0x00000400                __SIGNATURE_REGION_LENGTH__ = DEFINED (__SIGNATURE_REGION_LENGTH__)?__SIGNATURE_REGION_LENGTH__:0x400
                0x00000400                __USER_SIGNATURE_REGION_LENGTH__ = DEFINED (__USER_SIGNATURE_REGION_LENGTH__)?__USER_SIGNATURE_REGION_LENGTH__:0x400

.hash
 *(.hash)

.dynsym
 *(.dynsym)

.dynstr
 *(.dynstr)

.gnu.version
 *(.gnu.version)

.gnu.version_d
 *(.gnu.version_d)

.gnu.version_r
 *(.gnu.version_r)

.rel.init
 *(.rel.init)

.rela.init
 *(.rela.init)

.rel.text
 *(.rel.text)
 *(.rel.text.*)
 *(.rel.gnu.linkonce.t*)

.rela.text
 *(.rela.text)
 *(.rela.text.*)
 *(.rela.gnu.linkonce.t*)

.rel.fini
 *(.rel.fini)

.rela.fini
 *(.rela.fini)

.rel.rodata
 *(.rel.rodata)
 *(.rel.rodata.*)
 *(.rel.gnu.linkonce.r*)

.rela.rodata
 *(.rela.rodata)
 *(.rela.rodata.*)
 *(.rela.gnu.linkonce.r*)

.rel.data
 *(.rel.data)
 *(.rel.data.*)
 *(.rel.gnu.linkonce.d*)

.rela.data
 *(.rela.data)
 *(.rela.data.*)
 *(.rela.gnu.linkonce.d*)

.rel.ctors
 *(.rel.ctors)

.rela.ctors
 *(.rela.ctors)

.rel.dtors
 *(.rel.dtors)

.rela.dtors
 *(.rela.dtors)

.rel.got
 *(.rel.got)

.rela.got
 *(.rela.got)

.rel.bss
 *(.rel.bss)

.rela.bss
 *(.rela.bss)

.rel.plt
 *(.rel.plt)

.rela.plt
 *(.rela.plt)

.text           0x00000000     0x2c34
 *(.vectors)
 .vectors       0x00000000       0x54 C:/Program Files (x86)/Atmel/Studio/7.0/Packs/atmel/ATmega_DFP/1.3.300/gcc/dev/atmega32/avr5/crtatmega32.o
                0x00000000                __vector_default
                0x00000000                __vectors
 *(.vectors)
 *(.progmem.gcc*)
                0x00000054                . = ALIGN (0x2)
                0x00000054                __trampolines_start = .
 *(.trampolines)
 .trampolines   0x00000054        0x0 linker stubs
 *(.trampolines*)
                0x00000054                __trampolines_end = .
 *libprintf_flt.a:*(.progmem.data)
 *libc.a:*(.progmem.data)
 *(.progmem*)
                0x00000054                . = ALIGN (0x2)
 *(.jumptables)
 *(.jumptables*)
 *(.lowtext)
 *(.lowtext*)
                0x00000054                __ctors_start = .
 *(.ctors)
                0x00000054                __ctors_end = .
                0x00000054                __dtors_start = .
 *(.dtors)
                0x00000054                __dtors_end = .
 SORT(*)(.ctors)
 SORT(*)(.dtors)
 *(.init0)
 .init0         0x00000054        0x0 C:/Program Files (x86)/Atmel/Studio/7.0/Packs/atmel/ATmega_DFP/1.3.300/gcc/dev/atmega32/avr5/crtatmega32.o
                0x00000054                __init
 *(.init0)
 *(.init1)
 *(.init1)
 *(.init2)
 .init2         0x00000054        0xc C:/Program Files (x86)/Atmel/Studio/7.0/Packs/atmel/ATmega_DFP/1.3.300/gcc/dev/atmega32/avr5/crtatmega32.o
 *(.init2)
 *(.init3)
 *(.init3)
 *(.init4)
 .init4         0x00000060       0x16 c:/program files (x86)/atmel/studio/7.0/toolchain/avr8/avr8-gnu-toolchain/bin/../lib/gcc/avr/5.4.0/avr5\libgcc.a(_copy_data.o)
                0x00000060                __do_copy_data
 .init4         0x00000076       0x10 c:/program files (x86)/atmel/studio/7.0/toolchain/avr8/avr8-gnu-toolchain/bin/../lib/gcc/avr/5.4.0/avr5\libgcc.a(_clear_bss.o)
                0x00000076                __do_clear_bss
 *(.init4)
 *(.init5)
 *(.init5)
 *(.init6)
 *(.init6)
 *(.init7)
 *(.init7)
 *(.init8)
 *(.init8)
 *(.init9)
 .init9         0x00000086        0x8 C:/Program Files (x86)/Atmel/Studio/7.0/Packs/atmel/ATmega_DFP/1.3.300/gcc/dev/atmega32/avr5/crtatmega32.o
 *(.init9)
 *(.text)
 .text          0x0000008e        0x4 C:/Program Files (x86)/Atmel/Studio/7.0/Packs/atmel/ATmega_DFP/1.3.300/gcc/dev/atmega32/avr5/crtatmega32.o
                0x0000008e                __bad_interrupt
                0x0000008e                __vector_6
                0x0000008e                __vector_3
                0x0000008e                __vector_17
                0x0000008e                __vector_19
                0x0000008e                __vector_7
                0x0000008e                __vector_5
                0x0000008e                __vector_4
                0x0000008e                __vector_9
                0x0000008e                __vector_2
                0x0000008e                __vector_15
                0x0000008e                __vector_8
                0x0000008e                __vector_10
                0x0000008e                __vector_16
                0x0000008e                __vector_18
                0x0000008e                __vector_20
                0x00000092                . = ALIGN (0x2)
 *(.text.*)
 .text.EXTI0_Handler
                0x00000092        0xe APP/APP.o
                0x00000092                EXTI0_Handler
 .text.APP_GetTemperature
                0x000000a0       0x1c APP/APP.o
                0x000000a0                APP_GetTemperature
 .text.APP_CommandCompare
                0x000000bc       0x52 APP/APP.o
                0x000000bc                APP_CommandCompare
 .text.APP_Delay_ms
                0x0000010e       0x58 APP/APP.o
                0x0000010e                APP_Delay_ms
 .text.APP_APPToTerminalResponse
                0x00000166       0x28 APP/APP.o
                0x00000166                APP_APPToTerminalResponse
 .text.APP_GetCardData
                0x0000018e       0x28 APP/APP.o
                0x0000018e                APP_GetCardData
 .text.APP_ExtractDataFromFrame
                0x000001b6       0x76 APP/APP.o
                0x000001b6                APP_ExtractDataFromFrame
 .text.APP_getPasswordFromUser
                0x0000022c       0x26 APP/APP.o
                0x0000022c                APP_getPasswordFromUser
 .text.APP_CheckPasswordOfUser
                0x00000252       0x3a APP/APP.o
                0x00000252                APP_CheckPasswordOfUser
 .text.DiplayAmountLCD
                0x0000028c       0x26 APP/APP.o
                0x0000028c                DiplayAmountLCD
 .text.APP_GetUserAmount
                0x000002b2       0xc6 APP/APP.o
                0x000002b2                APP_GetUserAmount
 .text.APP_floatTostringconvert
                0x00000378       0x90 APP/APP.o
                0x00000378                APP_floatTostringconvert
 .text.APP_CalPower
                0x00000408       0x4a APP/APP.o
                0x00000408                APP_CalPower
 .text.APP_stringToFloat
                0x00000452       0xce APP/APP.o
                0x00000452                APP_stringToFloat
 .text.APP_userPassHandler
                0x00000520       0xa6 APP/APP.o
                0x00000520                APP_userPassHandler
 .text.APP_GetMaxAmountFromDB
                0x000005c6       0x2e APP/APP.o
                0x000005c6                APP_GetMaxAmountFromDB
 .text.APP_checkMaxamount
                0x000005f4       0x4a APP/APP.o
                0x000005f4                APP_checkMaxamount
 .text.APP_checkBalance
                0x0000063e       0x7a APP/APP.o
                0x0000063e                APP_checkBalance
 .text.APP_GetCustomerID
                0x000006b8        0xe APP/APP.o
                0x000006b8                APP_GetCustomerID
 .text.DisplayNewBalanceLCD
                0x000006c6       0x3e APP/APP.o
                0x000006c6                DisplayNewBalanceLCD
 .text.APP_ApproveTransaction
                0x00000704       0x9e APP/APP.o
                0x00000704                APP_ApproveTransaction
 .text.APP_ReceiveFromTerminal
                0x000007a2       0x56 APP/APP.o
                0x000007a2                APP_ReceiveFromTerminal
 .text.APP_ReceiveBalance
                0x000007f8       0x74 APP/APP.o
                0x000007f8                APP_ReceiveBalance
 .text.APP_UpdateMaxAmount
                0x0000086c       0x8e APP/APP.o
                0x0000086c                APP_UpdateMaxAmount
 .text.APP_receivePAN
                0x000008fa       0x88 APP/APP.o
                0x000008fa                APP_receivePAN
 .text.APP_NumberofStoredCustomers
                0x00000982       0x56 APP/APP.o
                0x00000982                APP_NumberofStoredCustomers
 .text.APP_DisplayTotNumOfCustomers
                0x000009d8       0xd0 APP/APP.o
                0x000009d8                APP_DisplayTotNumOfCustomers
 .text.APP_CustomerMemlocstart
                0x00000aa8       0x28 APP/APP.o
                0x00000aa8                APP_CustomerMemlocstart
 .text.APP_StoreCustomerDataEEPROM
                0x00000ad0       0xae APP/APP.o
                0x00000ad0                APP_StoreCustomerDataEEPROM
 .text.APP_ClearTotalNumberOfCustomers
                0x00000b7e       0x22 APP/APP.o
                0x00000b7e                APP_ClearTotalNumberOfCustomers
 .text.APP_ReadCustomerDataByID
                0x00000ba0       0x60 APP/APP.o
                0x00000ba0                APP_ReadCustomerDataByID
 .text.APP_checkPan
                0x00000c00       0x32 APP/APP.o
                0x00000c00                APP_checkPan
 .text.APP_SearchCustomerByPAN
                0x00000c32       0x48 APP/APP.o
                0x00000c32                APP_SearchCustomerByPAN
 .text.APP_responseToCardInsertion
                0x00000c7a      0x34a APP/APP.o
                0x00000c7a                APP_responseToCardInsertion
 .text.APP_UpdateState
                0x00000fc4       0x1a APP/APP.o
                0x00000fc4                APP_UpdateState
 .text.APP_AdminCheckPassword
                0x00000fde       0x3e APP/APP.o
                0x00000fde                APP_AdminCheckPassword
 .text.APP_DisplayCustomerDatafromBuffer
                0x0000101c      0x16a APP/APP.o
                0x0000101c                APP_DisplayCustomerDatafromBuffer
 .text.APP_displayAllCustomer
                0x00001186       0x72 APP/APP.o
                0x00001186                APP_displayAllCustomer
 .text.APP_AdminModeHandler
                0x000011f8      0x18c APP/APP.o
                0x000011f8                APP_AdminModeHandler
 .text.APP_UartAdminCommandHandler
                0x00001384       0x62 APP/APP.o
                0x00001384                APP_UartAdminCommandHandler
 .text.APP_ATMStatuscheck
                0x000013e6       0x4e APP/APP.o
                0x000013e6                APP_ATMStatuscheck
 .text.APP_Init
                0x00001434       0x5c APP/APP.o
                0x00001434                APP_Init
 .text.APP_GetState
                0x00001490       0x8a APP/APP.o
                0x00001490                APP_GetState
 .text.ECUAL_EEPROMInit
                0x0000151a       0x16 ECUAL/EEPROM/EEPROM.o
                0x0000151a                ECUAL_EEPROMInit
 .text.ECUAL_EEPROMWrite
                0x00001530       0x40 ECUAL/EEPROM/EEPROM.o
                0x00001530                ECUAL_EEPROMWrite
 .text.ECUAL_EEPROMRead
                0x00001570       0x56 ECUAL/EEPROM/EEPROM.o
                0x00001570                ECUAL_EEPROMRead
 .text.keyPad_init
                0x000015c6       0xac ECUAL/KEYPAD/keypad.o
                0x000015c6                keyPad_init
 .text.keyPad_GetKey
                0x00001672      0x1da ECUAL/KEYPAD/keypad.o
                0x00001672                keyPad_GetKey
 .text.LCD_Kick
                0x0000184c       0x24 ECUAL/LCD/LCD.o
                0x0000184c                LCD_Kick
 .text.LCD_send_command
                0x00001870       0x5e ECUAL/LCD/LCD.o
                0x00001870                LCD_send_command
 .text.LCD_init
                0x000018ce       0x8a ECUAL/LCD/LCD.o
                0x000018ce                LCD_init
 .text.LCD_GoTo_xy
                0x00001958       0x1c ECUAL/LCD/LCD.o
                0x00001958                LCD_GoTo_xy
 .text.LCD_display_charcter
                0x00001974       0x4e ECUAL/LCD/LCD.o
                0x00001974                LCD_display_charcter
 .text.IntegerTostring
                0x000019c2       0xc8 ECUAL/LCD/LCD.o
                0x000019c2                IntegerTostring
 .text.LCD_clear_screen
                0x00001a8a        0x8 ECUAL/LCD/LCD.o
                0x00001a8a                LCD_clear_screen
 .text.LCD_display_String
                0x00001a92       0x40 ECUAL/LCD/LCD.o
                0x00001a92                LCD_display_String
 .text.LCD_DisplayInteger
                0x00001ad2       0x38 ECUAL/LCD/LCD.o
                0x00001ad2                LCD_DisplayInteger
 .text.Motor_Delay_ms
                0x00001b0a       0x58 ECUAL/MOTORS/Motors.o
                0x00001b0a                Motor_Delay_ms
 .text.MOTOR_Init
                0x00001b62       0x4e ECUAL/MOTORS/Motors.o
                0x00001b62                MOTOR_Init
 .text.CardMotorRight
                0x00001bb0       0x36 ECUAL/MOTORS/Motors.o
                0x00001bb0                CardMotorRight
 .text.CardMotorLeft
                0x00001be6       0x36 ECUAL/MOTORS/Motors.o
                0x00001be6                CardMotorLeft
 .text.MoneyMotorON
                0x00001c1c       0x22 ECUAL/MOTORS/Motors.o
                0x00001c1c                MoneyMotorON
 .text.TempSensorInit
                0x00001c3e       0x4e ECUAL/TEMPSENSOR/TempSensor.o
                0x00001c3e                TempSensorInit
 .text.TempSensorGetTemp
                0x00001c8c       0x88 ECUAL/TEMPSENSOR/TempSensor.o
                0x00001c8c                TempSensorGetTemp
 .text.main     0x00001d14        0xe main.o
                0x00001d14                main
 .text.ADC_init
                0x00001d22       0xb2 MCAL/ADC/ADC.o
                0x00001d22                ADC_init
 .text.ADC_start_convertion
                0x00001dd4        0x4 MCAL/ADC/ADC.o
                0x00001dd4                ADC_start_convertion
 .text.ADC_GetSingleSample
                0x00001dd8       0x22 MCAL/ADC/ADC.o
                0x00001dd8                ADC_GetSingleSample
 .text.Dio_init
                0x00001dfa      0x1fa MCAL/DIO/DIO.o
                0x00001dfa                Dio_init
 .text.Dio_readPin
                0x00001ff4       0xb0 MCAL/DIO/DIO.o
                0x00001ff4                Dio_readPin
 .text.Dio_writePin
                0x000020a4       0xf2 MCAL/DIO/DIO.o
                0x000020a4                Dio_writePin
 .text.DIO_SetPortDirection
                0x00002196       0x48 MCAL/DIO/DIO.o
                0x00002196                DIO_SetPortDirection
 .text.DIO_WritePort
                0x000021de       0x1e MCAL/DIO/DIO.o
                0x000021de                DIO_WritePort
 .text.MCAL_I2CMasterInit
                0x000021fc       0x16 MCAL/I2C/i2c.o
                0x000021fc                MCAL_I2CMasterInit
 .text.MCAL_I2CMaterEstablishComm
                0x00002212       0x3a MCAL/I2C/i2c.o
                0x00002212                MCAL_I2CMaterEstablishComm
 .text.MCAL_I2CMasterRepeatedStart
                0x0000224c       0x3c MCAL/I2C/i2c.o
                0x0000224c                MCAL_I2CMasterRepeatedStart
 .text.MCAL_I2CMasterWrightData
                0x00002288       0x26 MCAL/I2C/i2c.o
                0x00002288                MCAL_I2CMasterWrightData
 .text.MCAL_I2CMasterReadsendNACK
                0x000022ae       0x1a MCAL/I2C/i2c.o
                0x000022ae                MCAL_I2CMasterReadsendNACK
 .text.MCAL_I2CMasterStopCondition
                0x000022c8        0xc MCAL/I2C/i2c.o
                0x000022c8                MCAL_I2CMasterStopCondition
 .text.SetEXTI0CallBackFunction
                0x000022d4        0xa MCAL/INTERRUPTS/interrupts.o
                0x000022d4                SetEXTI0CallBackFunction
 .text.EXTI0_init
                0x000022de       0x48 MCAL/INTERRUPTS/interrupts.o
                0x000022de                EXTI0_init
 .text.EXTI0_Enable
                0x00002326        0xe MCAL/INTERRUPTS/interrupts.o
                0x00002326                EXTI0_Enable
 .text.EXTI0_Disable
                0x00002334        0xe MCAL/INTERRUPTS/interrupts.o
                0x00002334                EXTI0_Disable
 .text.__vector_1
                0x00002342       0x4e MCAL/INTERRUPTS/interrupts.o
                0x00002342                __vector_1
 .text.MCAL_SpiInit
                0x00002390       0x1e MCAL/SPI/spi.o
                0x00002390                MCAL_SpiInit
 .text.MCAL_SPI_DisableInterrupt
                0x000023ae        0x4 MCAL/SPI/spi.o
                0x000023ae                MCAL_SPI_DisableInterrupt
 .text.MCAL_SPIMasterReceive
                0x000023b2       0x12 MCAL/SPI/spi.o
                0x000023b2                MCAL_SPIMasterReceive
 .text.__vector_12
                0x000023c4       0x52 MCAL/SPI/spi.o
                0x000023c4                __vector_12
 .text.GptInit  0x00002416       0x2e MCAL/TIMER/timer.o
                0x00002416                GptInit
 .text.GptStart_Sync
                0x00002444       0xa8 MCAL/TIMER/timer.o
                0x00002444                GptStart_Sync
 .text.__vector_11
                0x000024ec       0x92 MCAL/TIMER/timer.o
                0x000024ec                __vector_11
 .text.USART_Init
                0x0000257e       0x24 MCAL/UART/uart.o
                0x0000257e                USART_Init
 .text.USART_Transmit
                0x000025a2        0xc MCAL/UART/uart.o
                0x000025a2                USART_Transmit
 .text.USART_Receive
                0x000025ae       0x2a MCAL/UART/uart.o
                0x000025ae                USART_Receive
 .text.USART_RxInterruptEnable
                0x000025d8        0x6 MCAL/UART/uart.o
                0x000025d8                USART_RxInterruptEnable
 .text.USART_Receive_INTDriven
                0x000025de       0x20 MCAL/UART/uart.o
                0x000025de                USART_Receive_INTDriven
 .text.USART_RxInterruptDiable
                0x000025fe        0x6 MCAL/UART/uart.o
                0x000025fe                USART_RxInterruptDiable
 .text.USART_UDRInterruptDisable
                0x00002604        0x6 MCAL/UART/uart.o
                0x00002604                USART_UDRInterruptDisable
 .text.__vector_14
                0x0000260a       0x58 MCAL/UART/uart.o
                0x0000260a                __vector_14
 .text.__vector_13
                0x00002662       0x5a MCAL/UART/uart.o
                0x00002662                __vector_13
 .text.avr-libc.fplib
                0x000026bc        0xe c:/program files (x86)/atmel/studio/7.0/toolchain/avr8/avr8-gnu-toolchain/bin/../lib/gcc/avr/5.4.0/../../../../avr/lib/avr5\libm.a(addsf3.o)
                0x000026bc                __subsf3
                0x000026be                __addsf3
 .text.avr-libc.fplib
                0x000026ca       0xcc c:/program files (x86)/atmel/studio/7.0/toolchain/avr8/avr8-gnu-toolchain/bin/../lib/gcc/avr/5.4.0/../../../../avr/lib/avr5\libm.a(addsf3x.o)
                0x000026ec                __addsf3x
 .text.avr-libc.fplib
                0x00002796        0xa c:/program files (x86)/atmel/studio/7.0/toolchain/avr8/avr8-gnu-toolchain/bin/../lib/gcc/avr/5.4.0/../../../../avr/lib/avr5\libm.a(cmpsf2.o)
                0x00002796                __nesf2
                0x00002796                __eqsf2
                0x00002796                __cmpsf2
                0x00002796                __ltsf2
                0x00002796                __lesf2
 .text.avr-libc.fplib
                0x000027a0        0x8 c:/program files (x86)/atmel/studio/7.0/toolchain/avr8/avr8-gnu-toolchain/bin/../lib/gcc/avr/5.4.0/../../../../avr/lib/avr5\libm.a(divsf3.o)
                0x000027a0                __divsf3
 .text.avr-libc.fplib
                0x000027a8       0xdc c:/program files (x86)/atmel/studio/7.0/toolchain/avr8/avr8-gnu-toolchain/bin/../lib/gcc/avr/5.4.0/../../../../avr/lib/avr5\libm.a(divsf3x.o)
                0x000027c8                __divsf3x
                0x000027ce                __divsf3_pse
 .text.avr-libc.fplib
                0x00002884        0xe c:/program files (x86)/atmel/studio/7.0/toolchain/avr8/avr8-gnu-toolchain/bin/../lib/gcc/avr/5.4.0/../../../../avr/lib/avr5\libm.a(fixsfsi.o)
                0x00002884                __fixsfsi
 .text.avr-libc.fplib
                0x00002892       0x5e c:/program files (x86)/atmel/studio/7.0/toolchain/avr8/avr8-gnu-toolchain/bin/../lib/gcc/avr/5.4.0/../../../../avr/lib/avr5\libm.a(fixunssfsi.o)
                0x00002892                __fixunssfsi
 .text.avr-libc.fplib
                0x000028f0       0x7a c:/program files (x86)/atmel/studio/7.0/toolchain/avr8/avr8-gnu-toolchain/bin/../lib/gcc/avr/5.4.0/../../../../avr/lib/avr5\libm.a(floatsisf.o)
                0x000028f0                __floatunsisf
                0x000028f4                __floatsisf
 .text.avr-libc.fplib
                0x0000296a       0x48 c:/program files (x86)/atmel/studio/7.0/toolchain/avr8/avr8-gnu-toolchain/bin/../lib/gcc/avr/5.4.0/../../../../avr/lib/avr5\libm.a(fp_cmp.o)
                0x0000296a                __fp_cmp
 .text.avr-libc.fplib
                0x000029b2        0xc c:/program files (x86)/atmel/studio/7.0/toolchain/avr8/avr8-gnu-toolchain/bin/../lib/gcc/avr/5.4.0/../../../../avr/lib/avr5\libm.a(fp_inf.o)
                0x000029b2                __fp_inf
 .text.avr-libc.fplib
                0x000029be        0x6 c:/program files (x86)/atmel/studio/7.0/toolchain/avr8/avr8-gnu-toolchain/bin/../lib/gcc/avr/5.4.0/../../../../avr/lib/avr5\libm.a(fp_nan.o)
                0x000029be                __fp_nan
 .text.avr-libc.fplib
                0x000029c4        0xe c:/program files (x86)/atmel/studio/7.0/toolchain/avr8/avr8-gnu-toolchain/bin/../lib/gcc/avr/5.4.0/../../../../avr/lib/avr5\libm.a(fp_pscA.o)
                0x000029c4                __fp_pscA
 .text.avr-libc.fplib
                0x000029d2        0xe c:/program files (x86)/atmel/studio/7.0/toolchain/avr8/avr8-gnu-toolchain/bin/../lib/gcc/avr/5.4.0/../../../../avr/lib/avr5\libm.a(fp_pscB.o)
                0x000029d2                __fp_pscB
 .text.avr-libc.fplib
                0x000029e0       0x22 c:/program files (x86)/atmel/studio/7.0/toolchain/avr8/avr8-gnu-toolchain/bin/../lib/gcc/avr/5.4.0/../../../../avr/lib/avr5\libm.a(fp_round.o)
                0x000029e0                __fp_round
 .text.avr-libc.fplib
                0x00002a02       0x44 c:/program files (x86)/atmel/studio/7.0/toolchain/avr8/avr8-gnu-toolchain/bin/../lib/gcc/avr/5.4.0/../../../../avr/lib/avr5\libm.a(fp_split3.o)
                0x00002a02                __fp_split3
                0x00002a12                __fp_splitA
 .text.avr-libc.fplib
                0x00002a46        0xe c:/program files (x86)/atmel/studio/7.0/toolchain/avr8/avr8-gnu-toolchain/bin/../lib/gcc/avr/5.4.0/../../../../avr/lib/avr5\libm.a(fp_zero.o)
                0x00002a46                __fp_zero
                0x00002a48                __fp_szero
 .text.avr-libc.fplib
                0x00002a54        0xa c:/program files (x86)/atmel/studio/7.0/toolchain/avr8/avr8-gnu-toolchain/bin/../lib/gcc/avr/5.4.0/../../../../avr/lib/avr5\libm.a(gesf2.o)
                0x00002a54                __gesf2
                0x00002a54                __gtsf2
 .text.avr-libc.fplib
                0x00002a5e        0x8 c:/program files (x86)/atmel/studio/7.0/toolchain/avr8/avr8-gnu-toolchain/bin/../lib/gcc/avr/5.4.0/../../../../avr/lib/avr5\libm.a(mulsf3.o)
                0x00002a5e                __mulsf3
 .text.avr-libc.fplib
                0x00002a66       0xd2 c:/program files (x86)/atmel/studio/7.0/toolchain/avr8/avr8-gnu-toolchain/bin/../lib/gcc/avr/5.4.0/../../../../avr/lib/avr5\libm.a(mulsf3x.o)
                0x00002a84                __mulsf3x
                0x00002a8a                __mulsf3_pse
 .text.libgcc.mul
                0x00002b38       0x20 c:/program files (x86)/atmel/studio/7.0/toolchain/avr8/avr8-gnu-toolchain/bin/../lib/gcc/avr/5.4.0/avr5\libgcc.a(_mulsi3.o)
                0x00002b38                __mulsi3
 .text.libgcc.div
                0x00002b58       0x28 c:/program files (x86)/atmel/studio/7.0/toolchain/avr8/avr8-gnu-toolchain/bin/../lib/gcc/avr/5.4.0/avr5\libgcc.a(_divmodhi4.o)
                0x00002b58                _div
                0x00002b58                __divmodhi4
 .text.libgcc.div
                0x00002b80       0x44 c:/program files (x86)/atmel/studio/7.0/toolchain/avr8/avr8-gnu-toolchain/bin/../lib/gcc/avr/5.4.0/avr5\libgcc.a(_udivmodsi4.o)
                0x00002b80                __udivmodsi4
 .text.libgcc.mul
                0x00002bc4       0x1e c:/program files (x86)/atmel/studio/7.0/toolchain/avr8/avr8-gnu-toolchain/bin/../lib/gcc/avr/5.4.0/avr5\libgcc.a(_umulhisi3.o)
                0x00002bc4                __umulhisi3
 .text.libgcc.mul
                0x00002be2       0x16 c:/program files (x86)/atmel/studio/7.0/toolchain/avr8/avr8-gnu-toolchain/bin/../lib/gcc/avr/5.4.0/avr5\libgcc.a(_muluhisi3.o)
                0x00002be2                __muluhisi3
 .text.libgcc.mul
                0x00002bf8       0x10 c:/program files (x86)/atmel/studio/7.0/toolchain/avr8/avr8-gnu-toolchain/bin/../lib/gcc/avr/5.4.0/avr5\libgcc.a(_mulshisi3.o)
                0x00002bf8                __mulshisi3
                0x00002bfe                __mulohisi3
 .text.libgcc.div
                0x00002c08       0x28 c:/program files (x86)/atmel/studio/7.0/toolchain/avr8/avr8-gnu-toolchain/bin/../lib/gcc/avr/5.4.0/avr5\libgcc.a(_udivmodhi4.o)
                0x00002c08                __udivmodhi4
                0x00002c30                . = ALIGN (0x2)
 *(.fini9)
 .fini9         0x00002c30        0x0 c:/program files (x86)/atmel/studio/7.0/toolchain/avr8/avr8-gnu-toolchain/bin/../lib/gcc/avr/5.4.0/avr5\libgcc.a(_exit.o)
                0x00002c30                _exit
                0x00002c30                exit
 *(.fini9)
 *(.fini8)
 *(.fini8)
 *(.fini7)
 *(.fini7)
 *(.fini6)
 *(.fini6)
 *(.fini5)
 *(.fini5)
 *(.fini4)
 *(.fini4)
 *(.fini3)
 *(.fini3)
 *(.fini2)
 *(.fini2)
 *(.fini1)
 *(.fini1)
 *(.fini0)
 .fini0         0x00002c30        0x4 c:/program files (x86)/atmel/studio/7.0/toolchain/avr8/avr8-gnu-toolchain/bin/../lib/gcc/avr/5.4.0/avr5\libgcc.a(_exit.o)
 *(.fini0)
                0x00002c34                _etext = .

.data           0x00800060      0x722 load address 0x00002c34
                0x00800060                PROVIDE (__data_start, .)
 *(.data)
 *(.data*)
 .data.CardinsertionState
                0x00800060        0x1 APP/APP.o
                0x00800060                CardinsertionState
 .data.AdminPassword
                0x00800061        0x5 APP/APP.o
                0x00800061                AdminPassword
 .data.AdminCommand
                0x00800066        0x6 APP/APP.o
                0x00800066                AdminCommand
 .data.keypad_col
                0x0080006c        0x4 ECUAL/KEYPAD/keypad.o
                0x0080006c                keypad_col
 .data.keypad_row
                0x00800070        0x4 ECUAL/KEYPAD/keypad.o
                0x00800070                keypad_row
 .data.timer_config
                0x00800074        0x6 MCAL/TIMER/timer_Cfg.o
                0x00800074                timer_config
 *(.gnu.linkonce.d*)
 *(.rodata)
 *(.rodata*)
 .rodata.str1.1
                0x0080007a      0x708 APP/APP.o
                                0x7b3 (size before relaxing)
 *(.gnu.linkonce.r*)
                0x00800782                . = ALIGN (0x2)
                0x00800782                _edata = .
                0x00800782                PROVIDE (__data_end, .)

.bss            0x00800782       0xad
                0x00800782                PROVIDE (__bss_start, .)
 *(.bss)
 *(.bss*)
 .bss.ATM_mode  0x00800782        0x1 APP/APP.o
                0x00800782                ATM_mode
 .bss.CardState
                0x00800783        0x1 APP/APP.o
                0x00800783                CardState
 .bss.gu8_counter
                0x00800784        0x1 APP/APP.o
                0x00800784                gu8_counter
 .bss.EXTI0_CallBack
                0x00800785        0x2 MCAL/INTERRUPTS/interrupts.o
 .bss.u8_gOVF_Counter
                0x00800787        0x4 MCAL/TIMER/timer.o
                0x00800787                u8_gOVF_Counter
 .bss.OVF_CallBack
                0x0080078b        0x2 MCAL/TIMER/timer.o
 .bss.RXC_CallBack
                0x0080078d        0x2 MCAL/UART/uart.o
 .bss.UDRE_CallBack
                0x0080078f        0x2 MCAL/UART/uart.o
 *(COMMON)
 COMMON         0x00800791       0x8a APP/APP.o
                0x00800791                BalanceBuffer
                0x00800799                TerminalBuffer
                0x008007ad                CustomerData
                0x008007c0                fAmount
                0x008007c4                AmountBuffer
                0x008007cc                Name_buffer
                0x008007d6                UserPass
                0x008007da                CardReceivedBuffer
                0x008007f6                PAN_buffer
                0x00800800                PIN_buffer
                0x00800805                MAXamountBuffer
                0x0080080d                fBalance
                0x00800811                pu8_uartReceiveData
                0x00800813                u8_MaxamountState
                0x00800814                ATM_State
                0x00800815                Command
 COMMON         0x0080081b        0x3 ECUAL/EEPROM/EEPROM.o
                0x0080081b                Master_Configure_t
 COMMON         0x0080081e        0x4 ECUAL/KEYPAD/keypad.o
                0x0080081e                strDio_pins
 COMMON         0x00800822        0x8 ECUAL/TEMPSENSOR/TempSensor.o
                0x00800822                gu8_Vref
                0x00800823                ADC_CONFIG_STRUCT
 COMMON         0x0080082a        0x2 MCAL/SPI/spi.o
                0x0080082a                pCallBack
 COMMON         0x0080082c        0x3 MCAL/UART/uart.o
                0x0080082c                U8_Transmit_UDR
                0x0080082d                U8_Receive_UDR
                0x0080082f                PROVIDE (__bss_end, .)
                0x00002c34                __data_load_start = LOADADDR (.data)
                0x00003356                __data_load_end = (__data_load_start + SIZEOF (.data))

.noinit         0x0080082f        0x0
                [!provide]                PROVIDE (__noinit_start, .)
 *(.noinit*)
                [!provide]                PROVIDE (__noinit_end, .)
                0x0080082f                _end = .
                [!provide]                PROVIDE (__heap_start, .)

.eeprom         0x00810000        0x0
 *(.eeprom*)
                0x00810000                __eeprom_end = .

.fuse
 *(.fuse)
 *(.lfuse)
 *(.hfuse)
 *(.efuse)

.lock
 *(.lock*)

.signature
 *(.signature*)

.user_signatures
 *(.user_signatures*)

.stab
 *(.stab)

.stabstr
 *(.stabstr)

.stab.excl
 *(.stab.excl)

.stab.exclstr
 *(.stab.exclstr)

.stab.index
 *(.stab.index)

.stab.indexstr
 *(.stab.indexstr)

.comment        0x00000000       0x30
 *(.comment)
 .comment       0x00000000       0x30 APP/APP.o
                                 0x31 (size before relaxing)
 .comment       0x00000030       0x31 ECUAL/EEPROM/EEPROM.o
 .comment       0x00000030       0x31 ECUAL/KEYPAD/keypad.o
 .comment       0x00000030       0x31 ECUAL/LCD/LCD.o
 .comment       0x00000030       0x31 ECUAL/MOTORS/Motors.o
 .comment       0x00000030       0x31 ECUAL/TEMPSENSOR/TempSensor.o
 .comment       0x00000030       0x31 main.o
 .comment       0x00000030       0x31 MCAL/ADC/ADC.o
 .comment       0x00000030       0x31 MCAL/DIO/DIO.o
 .comment       0x00000030       0x31 MCAL/I2C/i2c.o
 .comment       0x00000030       0x31 MCAL/INTERRUPTS/interrupts.o
 .comment       0x00000030       0x31 MCAL/SPI/spi.o
 .comment       0x00000030       0x31 MCAL/TIMER/timer.o
 .comment       0x00000030       0x31 MCAL/TIMER/timer_Cfg.o
 .comment       0x00000030       0x31 MCAL/UART/uart.o

.note.gnu.avr.deviceinfo
                0x00000000       0x3c
 .note.gnu.avr.deviceinfo
                0x00000000       0x3c C:/Program Files (x86)/Atmel/Studio/7.0/Packs/atmel/ATmega_DFP/1.3.300/gcc/dev/atmega32/avr5/crtatmega32.o

.note.gnu.build-id
 *(.note.gnu.build-id)

.debug
 *(.debug)

.line
 *(.line)

.debug_srcinfo
 *(.debug_srcinfo)

.debug_sfnames
 *(.debug_sfnames)

.debug_aranges  0x00000000      0x588
 *(.debug_aranges)
 .debug_aranges
                0x00000000      0x170 APP/APP.o
 .debug_aranges
                0x00000170       0x30 ECUAL/EEPROM/EEPROM.o
 .debug_aranges
                0x000001a0       0x28 ECUAL/KEYPAD/keypad.o
 .debug_aranges
                0x000001c8       0x70 ECUAL/LCD/LCD.o
 .debug_aranges
                0x00000238       0x40 ECUAL/MOTORS/Motors.o
 .debug_aranges
                0x00000278       0x28 ECUAL/TEMPSENSOR/TempSensor.o
 .debug_aranges
                0x000002a0       0x20 main.o
 .debug_aranges
                0x000002c0       0x40 MCAL/ADC/ADC.o
 .debug_aranges
                0x00000300       0x50 MCAL/DIO/DIO.o
 .debug_aranges
                0x00000350       0x70 MCAL/I2C/i2c.o
 .debug_aranges
                0x000003c0       0x40 MCAL/INTERRUPTS/interrupts.o
 .debug_aranges
                0x00000400       0x80 MCAL/SPI/spi.o
 .debug_aranges
                0x00000480       0x40 MCAL/TIMER/timer.o
 .debug_aranges
                0x000004c0       0x18 MCAL/TIMER/timer_Cfg.o
 .debug_aranges
                0x000004d8       0xb0 MCAL/UART/uart.o

.debug_pubnames
 *(.debug_pubnames)

.debug_info     0x00000000     0x5e53
 *(.debug_info .gnu.linkonce.wi.*)
 .debug_info    0x00000000      0x4e6 C:/Program Files (x86)/Atmel/Studio/7.0/Packs/atmel/ATmega_DFP/1.3.300/gcc/dev/atmega32/avr5/crtatmega32.o
 .debug_info    0x000004e6     0x272e APP/APP.o
 .debug_info    0x00002c14      0x343 ECUAL/EEPROM/EEPROM.o
 .debug_info    0x00002f57      0x3cd ECUAL/KEYPAD/keypad.o
 .debug_info    0x00003324      0x8bd ECUAL/LCD/LCD.o
 .debug_info    0x00003be1      0x3c1 ECUAL/MOTORS/Motors.o
 .debug_info    0x00003fa2      0x462 ECUAL/TEMPSENSOR/TempSensor.o
 .debug_info    0x00004404       0xd2 main.o
 .debug_info    0x000044d6      0x391 MCAL/ADC/ADC.o
 .debug_info    0x00004867      0x2da MCAL/DIO/DIO.o
 .debug_info    0x00004b41      0x3f2 MCAL/I2C/i2c.o
 .debug_info    0x00004f33      0x126 MCAL/INTERRUPTS/interrupts.o
 .debug_info    0x00005059      0x49f MCAL/SPI/spi.o
 .debug_info    0x000054f8      0x34b MCAL/TIMER/timer.o
 .debug_info    0x00005843      0x16a MCAL/TIMER/timer_Cfg.o
 .debug_info    0x000059ad      0x4a6 MCAL/UART/uart.o

.debug_abbrev   0x00000000     0x15ff
 *(.debug_abbrev)
 .debug_abbrev  0x00000000      0x4a3 C:/Program Files (x86)/Atmel/Studio/7.0/Packs/atmel/ATmega_DFP/1.3.300/gcc/dev/atmega32/avr5/crtatmega32.o
 .debug_abbrev  0x000004a3      0x25f APP/APP.o
 .debug_abbrev  0x00000702      0x131 ECUAL/EEPROM/EEPROM.o
 .debug_abbrev  0x00000833      0x121 ECUAL/KEYPAD/keypad.o
 .debug_abbrev  0x00000954      0x1c1 ECUAL/LCD/LCD.o
 .debug_abbrev  0x00000b15      0x106 ECUAL/MOTORS/Motors.o
 .debug_abbrev  0x00000c1b      0x138 ECUAL/TEMPSENSOR/TempSensor.o
 .debug_abbrev  0x00000d53       0x68 main.o
 .debug_abbrev  0x00000dbb       0xf3 MCAL/ADC/ADC.o
 .debug_abbrev  0x00000eae      0x108 MCAL/DIO/DIO.o
 .debug_abbrev  0x00000fb6      0x12f MCAL/I2C/i2c.o
 .debug_abbrev  0x000010e5       0xb5 MCAL/INTERRUPTS/interrupts.o
 .debug_abbrev  0x0000119a      0x15d MCAL/SPI/spi.o
 .debug_abbrev  0x000012f7      0x151 MCAL/TIMER/timer.o
 .debug_abbrev  0x00001448       0x90 MCAL/TIMER/timer_Cfg.o
 .debug_abbrev  0x000014d8      0x127 MCAL/UART/uart.o

.debug_line     0x00000000     0x303e
 *(.debug_line .debug_line.* .debug_line_end)
 .debug_line    0x00000000      0x115 C:/Program Files (x86)/Atmel/Studio/7.0/Packs/atmel/ATmega_DFP/1.3.300/gcc/dev/atmega32/avr5/crtatmega32.o
 .debug_line    0x00000115     0x12cf APP/APP.o
 .debug_line    0x000013e4      0x121 ECUAL/EEPROM/EEPROM.o
 .debug_line    0x00001505      0x292 ECUAL/KEYPAD/keypad.o
 .debug_line    0x00001797      0x34a ECUAL/LCD/LCD.o
 .debug_line    0x00001ae1      0x1b9 ECUAL/MOTORS/Motors.o
 .debug_line    0x00001c9a      0x12d ECUAL/TEMPSENSOR/TempSensor.o
 .debug_line    0x00001dc7       0x65 main.o
 .debug_line    0x00001e2c      0x135 MCAL/ADC/ADC.o
 .debug_line    0x00001f61      0x377 MCAL/DIO/DIO.o
 .debug_line    0x000022d8      0x3bb MCAL/I2C/i2c.o
 .debug_line    0x00002693      0x10b MCAL/INTERRUPTS/interrupts.o
 .debug_line    0x0000279e      0x2d1 MCAL/SPI/spi.o
 .debug_line    0x00002a6f      0x1ff MCAL/TIMER/timer.o
 .debug_line    0x00002c6e       0x42 MCAL/TIMER/timer_Cfg.o
 .debug_line    0x00002cb0      0x38e MCAL/UART/uart.o

.debug_frame    0x00000000     0x1098
 *(.debug_frame)
 .debug_frame   0x00000000      0x5c8 APP/APP.o
 .debug_frame   0x000005c8       0x70 ECUAL/EEPROM/EEPROM.o
 .debug_frame   0x00000638       0x94 ECUAL/KEYPAD/keypad.o
 .debug_frame   0x000006cc      0x160 ECUAL/LCD/LCD.o
 .debug_frame   0x0000082c       0xa0 ECUAL/MOTORS/Motors.o
 .debug_frame   0x000008cc       0x70 ECUAL/TEMPSENSOR/TempSensor.o
 .debug_frame   0x0000093c       0x24 main.o
 .debug_frame   0x00000960       0x80 MCAL/ADC/ADC.o
 .debug_frame   0x000009e0       0x84 MCAL/DIO/DIO.o
 .debug_frame   0x00000a64       0xc4 MCAL/I2C/i2c.o
 .debug_frame   0x00000b28       0xac MCAL/INTERRUPTS/interrupts.o
 .debug_frame   0x00000bd4      0x1f8 MCAL/SPI/spi.o
 .debug_frame   0x00000dcc       0xf8 MCAL/TIMER/timer.o
 .debug_frame   0x00000ec4      0x1d4 MCAL/UART/uart.o

.debug_str      0x00000000     0x1f23
 *(.debug_str)
 .debug_str     0x00000000      0x196 C:/Program Files (x86)/Atmel/Studio/7.0/Packs/atmel/ATmega_DFP/1.3.300/gcc/dev/atmega32/avr5/crtatmega32.o
 .debug_str     0x00000196      0xa5e APP/APP.o
                                0xab7 (size before relaxing)
 .debug_str     0x00000bf4      0x189 ECUAL/EEPROM/EEPROM.o
                                0x35c (size before relaxing)
 .debug_str     0x00000d7d       0xdc ECUAL/KEYPAD/keypad.o
                                0x284 (size before relaxing)
 .debug_str     0x00000e59       0xd7 ECUAL/LCD/LCD.o
                                0x3b3 (size before relaxing)
 .debug_str     0x00000f30       0x28 ECUAL/MOTORS/Motors.o
                                0x2b3 (size before relaxing)
 .debug_str     0x00000f58      0x3f6 ECUAL/TEMPSENSOR/TempSensor.o
                                0x69e (size before relaxing)
 .debug_str     0x0000134e       0x11 main.o
                                0x1b4 (size before relaxing)
 .debug_str     0x0000135f       0x52 MCAL/ADC/ADC.o
                                0x5f7 (size before relaxing)
 .debug_str     0x000013b1       0xa5 MCAL/DIO/DIO.o
                                0x2f2 (size before relaxing)
 .debug_str     0x00001456      0x3b6 MCAL/I2C/i2c.o
                                0x652 (size before relaxing)
 .debug_str     0x0000180c       0x42 MCAL/INTERRUPTS/interrupts.o
                                0x206 (size before relaxing)
 .debug_str     0x0000184e      0x1d2 MCAL/SPI/spi.o
                                0x3bd (size before relaxing)
 .debug_str     0x00001a20      0x1e1 MCAL/TIMER/timer.o
                                0x3bf (size before relaxing)
 .debug_str     0x00001c01       0x1a MCAL/TIMER/timer_Cfg.o
                                0x2d6 (size before relaxing)
 .debug_str     0x00001c1b      0x308 MCAL/UART/uart.o
                                0x527 (size before relaxing)

.debug_loc      0x00000000     0x4203
 *(.debug_loc)
 .debug_loc     0x00000000     0x1ed3 APP/APP.o
 .debug_loc     0x00001ed3      0x16c ECUAL/EEPROM/EEPROM.o
 .debug_loc     0x0000203f      0x1cb ECUAL/KEYPAD/keypad.o
 .debug_loc     0x0000220a      0x651 ECUAL/LCD/LCD.o
 .debug_loc     0x0000285b      0x132 ECUAL/MOTORS/Motors.o
 .debug_loc     0x0000298d      0x160 ECUAL/TEMPSENSOR/TempSensor.o
 .debug_loc     0x00002aed       0xdc MCAL/ADC/ADC.o
 .debug_loc     0x00002bc9      0x30c MCAL/DIO/DIO.o
 .debug_loc     0x00002ed5      0x433 MCAL/I2C/i2c.o
 .debug_loc     0x00003308      0x137 MCAL/INTERRUPTS/interrupts.o
 .debug_loc     0x0000343f      0x647 MCAL/SPI/spi.o
 .debug_loc     0x00003a86      0x309 MCAL/TIMER/timer.o
 .debug_loc     0x00003d8f      0x474 MCAL/UART/uart.o

.debug_macinfo
 *(.debug_macinfo)

.debug_weaknames
 *(.debug_weaknames)

.debug_funcnames
 *(.debug_funcnames)

.debug_typenames
 *(.debug_typenames)

.debug_varnames
 *(.debug_varnames)

.debug_pubtypes
 *(.debug_pubtypes)

.debug_ranges   0x00000000      0x4c8
 *(.debug_ranges)
 .debug_ranges  0x00000000      0x160 APP/APP.o
 .debug_ranges  0x00000160       0x20 ECUAL/EEPROM/EEPROM.o
 .debug_ranges  0x00000180       0x38 ECUAL/KEYPAD/keypad.o
 .debug_ranges  0x000001b8       0x60 ECUAL/LCD/LCD.o
 .debug_ranges  0x00000218       0x30 ECUAL/MOTORS/Motors.o
 .debug_ranges  0x00000248       0x18 ECUAL/TEMPSENSOR/TempSensor.o
 .debug_ranges  0x00000260       0x10 main.o
 .debug_ranges  0x00000270       0x30 MCAL/ADC/ADC.o
 .debug_ranges  0x000002a0       0x40 MCAL/DIO/DIO.o
 .debug_ranges  0x000002e0       0x60 MCAL/I2C/i2c.o
 .debug_ranges  0x00000340       0x30 MCAL/INTERRUPTS/interrupts.o
 .debug_ranges  0x00000370       0x70 MCAL/SPI/spi.o
 .debug_ranges  0x000003e0       0x48 MCAL/TIMER/timer.o
 .debug_ranges  0x00000428       0xa0 MCAL/UART/uart.o

.debug_macro
 *(.debug_macro)
OUTPUT(MCU2 ATM.elf elf32-avr)
LOAD linker stubs
